MAP
  #EXTENT 1.851 48.531 2.91 49.178#126.064602 37.204118 127.5323490 38.166522
  EXTENT -71.119028 42.302046 -70.986529 42.400430
  #EXTENT 42.302046 -71.119028 42.400430 -70.986529 
  FONTSET "/var/data/fonts/list.txt"
  IMAGETYPE "png"
  NAME "ZOO-Project_WXS_Server"
  SIZE 2048 2048
  STATUS ON
  SYMBOLSET "/var/data/symbols.sym"
  TRANSPARENT TRUE
  UNITS METERS
  CONFIG "MS_ERRORFILE" "/tmp/ms_error.txt"
  DEBUG 5

  OUTPUTFORMAT
    NAME "geojson"
    DRIVER "TEMPLATE"
    MIMETYPE "application/json"
    FORMATOPTION "FILE=template/geojson.js"
  END

  OUTPUTFORMAT
    NAME "png"
    MIMETYPE "image/png"
    DRIVER "AGG/PNG"
    EXTENSION "png"
    IMAGEMODE RGBA
    TRANSPARENT TRUE
  END # OUTPUTFORMAT

  OUTPUTFORMAT
    NAME "kml"
    MIMETYPE "application/vnd.google-earth.kml+xml"
    DRIVER "KML"
    EXTENSION "kml"
    IMAGEMODE RGB
    TRANSPARENT FALSE
    FORMATOPTION "ATTACHMENT=mapserver.kml"
  END # OUTPUTFORMAT

  OUTPUTFORMAT
    NAME "tiff"
    MIMETYPE "image/tiff"
    DRIVER "GDAL/GTiff"
    EXTENSION "tif"
    IMAGEMODE BYTE
    TRANSPARENT FALSE
  END # OUTPUTFORMAT

  OUTPUTFORMAT
    NAME "grd"
    DRIVER "GDAL/AAIGRID"
    EXTENSION "asc"
    IMAGEMODE INT16
    TRANSPARENT FALSE
  END # OUTPUTFORMAT

  OUTPUTFORMAT
    NAME "cairopng"
    MIMETYPE "image/png; mode=24bit"
    DRIVER "CAIRO/PNG"
    EXTENSION "png"
    IMAGEMODE RGBA
    TRANSPARENT TRUE
  END # OUTPUTFORMAT

  PROJECTION
    "init=epsg:4326"
  END # PROJECTION
  LEGEND
    KEYSIZE 20 10
    KEYSPACING 5 5
    LABEL
      SIZE MEDIUM
      OFFSET 0 0
      SHADOWSIZE 1 1
      TYPE BITMAP
    END # LABEL
    STATUS OFF
  END # LEGEND

  QUERYMAP
    SIZE -1 -1
    STATUS OFF
    STYLE HILITE
  END # QUERYMAP

  SCALEBAR
    INTERVALS 4
    LABEL
      SIZE MEDIUM
      OFFSET 0 0
      SHADOWSIZE 1 1
      TYPE BITMAP
    END # LABEL
    SIZE 200 3
    STATUS OFF
    UNITS MILES
  END # SCALEBAR

  WEB
    IMAGEPATH "/var/www/html/temp"
    IMAGEURL "http://127.0.0.1/temp/"
    METADATA
      "wfs_getfeature_formatlist" "gml,geojson"
      "mm_group_1"	"Legend,"
      "mm_group_2"	"Group,|Legend;"
      "ows_country"	"fr"
      "ows_contactfacsimiletelephone"	"False"
      "ows_contactvoicetelephone"	"+33 4 67 43 09 95"
      "ows_keywordlist"	"WPS,GIS,buffer,MapMint,ZOO-Project"
      "ows_encoding"	"utf-8"
      "ows_city"	"Lattes"
      "mmProjectName"	"WS2014"
      "ows_contactperson"	"Gérald FENOY"
      "ows_abstract"	"http://127.0.0.1/tmp//MainDescriptionMM1402423686.html"
      "ows_contactposition"	"Developer"
      "ows_rootlayer_title"	"ZOO_Project_Layer"
      "ows_role"	"Dev"
      "ows_enable_request"	"*"
      "ows_stateorprovince"	"False"
      #"wms_feature_info_mime_type" "text/plain"
      #"wms_feature_info_mime_type" "text/html"
      "wms_feature_info_mime_type" "application/json"
      #"wms_feature_info_mime_type" "application/vnd.ogc.gml"
      #"wms_feature_info_mime_type" "gml"
      "ows_contactorganization"	"GeoLabs SARL"
      "ows_service_onlineresource"	"http://www.geolabs.fr"
      "ows_accessconstraints"	"none"
      "ows_srs"	"EPSG:4326 EPSG:900913"
      "ows_rootlayer_name"	"ZOO_Project_Layer"
      "ows_title"	"MapMint Live Instance"
      "ows_fees"	"None"
      "ows_contactelectronicmailaddress"	"gerald@geolabs.fr"
      "ows_address"	"1280, avenue des Platanes"
      "mmTitle"	"WS2014"
      "mm_group_0"	"Layers"
      "ows_postcode"	"34970"
    END # METADATA
  END # WEB

  LAYER
    CONNECTION "PG:dbname=city_routing user=user"
    CONNECTIONTYPE OGR
    DATA "ways"
    #EXTENT 126 37 127.6 38.2 
    ENCODING "utf-8"
    TEMPLATE "dummy"
    METADATA
      "mmSearch"	"false"
      "ows_keywordlist"	""
      "mmOutColor"	"255 255 255 "
      "mm_group"	"Group"
      "mmName"	"yield"
      "mmFilter"	"false"
      "mmColor"	"0 0 0 "
      "ows_abstract"	""
      "gml_featureid"	"MMID"
      "ows_featureid"	"MMID"
      "mmSpatialQueryType"	"none"
      "mmDSTN"	"/var/data/dirs/Oregon/"
      "ows_name"	"points"
      "ows_srs"	"EPSG:4326 EPSG:900913"
      "mmField"	"type"
      "ows_title"	""
      "mmClass"	"uv"
      "ows_fees"	""
      "mmSpatialQuery"	"false"
      "mmAlias"	""
      "gml_include_items"	"all"
      "gml_types"	"auto"
      "mmExport"	"false"
      "mmQuery"	"false"
      "mmZFilter"	"false"
    END # METADATA
    NAME "points"
    PROJECTION
      "proj=longlat"
      "datum=WGS84"
      "no_defs"
    END # PROJECTION
    STATUS ON
    TILEITEM "location"
    TYPE POINT
    UNITS METERS
    CLASS
      NAME "Antique"
      EXPRESSION ( "[type]" = "Antique" )
      STYLE
        COLOR 0 0 0
        OUTLINECOLOR 0 0 0
        SIZE 15
        SYMBOL "circle"
      END # STYLE
    END # CLASS
    CLASS
      NAME "Auto Body Repair"
      EXPRESSION ( "[type]" = "Auto Body Repair" )
      STYLE
        COLOR 0 0 0
        OUTLINECOLOR 0 0 0
        SIZE 15
        SYMBOL "circle"
      END # STYLE
    END # CLASS
    CLASS
      NAME "Bin"
      EXPRESSION ( "[type]" = "Bin" )
      STYLE
        COLOR 1 1 1
        OUTLINECOLOR 1 1 1
        SIZE 15
        SYMBOL "circle"
      END # STYLE
    END # CLASS
    CLASS
      NAME "Cell service"
      EXPRESSION ( "[type]" = "Cell service" )
      STYLE
        COLOR 1 1 0
        OUTLINECOLOR 1 1 1
        SIZE 15
        SYMBOL "circle"
      END # STYLE
    END # CLASS
    CLASS
      NAME "Dmv"
      EXPRESSION ( "[type]" = "Dmv" )
      STYLE
        COLOR 2 2 2
        OUTLINECOLOR 2 2 2
        SIZE 15
        SYMBOL "circle"
      END # STYLE
    END # CLASS
    CLASS
      NAME "Dump"
      EXPRESSION ( "[type]" = "Dump" )
      STYLE
        COLOR 3 3 3
        OUTLINECOLOR 3 3 3
        SIZE 15
        SYMBOL "circle"
      END # STYLE
    END # CLASS
    CLASS
      NAME "Engraving"
      EXPRESSION ( "[type]" = "Engraving" )
      STYLE
        COLOR 3 3 3
        OUTLINECOLOR 3 3 3
        SIZE 15
        SYMBOL "circle"
      END # STYLE
    END # CLASS
    CLASS
      NAME "Flyfishing Outfi"
      EXPRESSION ( "[type]" = "Flyfishing Outfi" )
      STYLE
        COLOR 4 4 4
        OUTLINECOLOR 4 4 4
        SIZE 15
        SYMBOL "circle"
      END # STYLE
    END # CLASS
    CLASS
      NAME "Gate"
      EXPRESSION ( "[type]" = "Gate" )
      STYLE
        COLOR 4 4 4
        OUTLINECOLOR 4 4 4
        SIZE 15
        SYMBOL "circle"
      END # STYLE
    END # CLASS
    CLASS
      NAME "Geocache"
      EXPRESSION ( "[type]" = "Geocache" )
      STYLE
        COLOR 5 5 5
        OUTLINECOLOR 5 5 5
        SIZE 15
        SYMBOL "circle"
      END # STYLE
    END # CLASS
    CLASS
      NAME "Grooming"
      EXPRESSION ( "[type]" = "Grooming" )
      STYLE
        COLOR 6 6 6
        OUTLINECOLOR 6 6 6
        SIZE 15
        SYMBOL "circle"
      END # STYLE
    END # CLASS
    CLASS
      NAME "Horseshoe"
      EXPRESSION ( "[type]" = "Horseshoe" )
      STYLE
        COLOR 6 6 6
        OUTLINECOLOR 6 6 6
        SIZE 15
        SYMBOL "circle"
      END # STYLE
    END # CLASS
    CLASS
      NAME "Locksmith"
      EXPRESSION ( "[type]" = "Locksmith" )
      STYLE
        COLOR 7 7 7
        OUTLINECOLOR 7 7 7
        SIZE 15
        SYMBOL "circle"
      END # STYLE
    END # CLASS
    CLASS
      NAME "Medical Billing"
      EXPRESSION ( "[type]" = "Medical Billing" )
      STYLE
        COLOR 7 7 7
        OUTLINECOLOR 7 7 7
        SIZE 15
        SYMBOL "circle"
      END # STYLE
    END # CLASS
    CLASS
      NAME "Medical Center"
      EXPRESSION ( "[type]" = "Medical Center" )
      STYLE
        COLOR 8 8 8
        OUTLINECOLOR 8 8 8
        SIZE 15
        SYMBOL "circle"
      END # STYLE
    END # CLASS
    CLASS
      NAME "Mortgage_Broker"
      EXPRESSION ( "[type]" = "Mortgage_Broker" )
      STYLE
        COLOR 9 9 9
        OUTLINECOLOR 9 9 9
        SIZE 15
        SYMBOL "circle"
      END # STYLE
    END # CLASS
    CLASS
      NAME "Neurosurgeon"
      EXPRESSION ( "[type]" = "Neurosurgeon" )
      STYLE
        COLOR 9 9 9
        OUTLINECOLOR 9 9 9
        SIZE 15
        SYMBOL "circle"
      END # STYLE
    END # CLASS
    CLASS
      NAME "Office"
      EXPRESSION ( "[type]" = "Office" )
      STYLE
        COLOR 10 10 10
        OUTLINECOLOR 10 10 10
        SIZE 15
        SYMBOL "circle"
      END # STYLE
    END # CLASS
    CLASS
      NAME "RV"
      EXPRESSION ( "[type]" = "RV" )
      STYLE
        COLOR 10 10 10
        OUTLINECOLOR 10 10 10
        SIZE 15
        SYMBOL "circle"
      END # STYLE
    END # CLASS
    CLASS
      NAME "RV Dump Station"
      EXPRESSION ( "[type]" = "RV Dump Station" )
      STYLE
        COLOR 11 11 11
        OUTLINECOLOR 11 11 11
        SIZE 15
        SYMBOL "circle"
      END # STYLE
    END # CLASS
    CLASS
      NAME "Roofing Contract"
      EXPRESSION ( "[type]" = "Roofing Contract" )
      STYLE
        COLOR 12 12 12
        OUTLINECOLOR 12 12 12
        SIZE 15
        SYMBOL "circle"
      END # STYLE
    END # CLASS
    CLASS
      NAME "Shower"
      EXPRESSION ( "[type]" = "Shower" )
      STYLE
        COLOR 12 12 12
        OUTLINECOLOR 12 12 12
        SIZE 15
        SYMBOL "circle"
      END # STYLE
    END # CLASS
    CLASS
      NAME "Showers"
      EXPRESSION ( "[type]" = "Showers" )
      STYLE
        COLOR 13 13 13
        OUTLINECOLOR 13 13 13
        SIZE 15
        SYMBOL "circle"
      END # STYLE
    END # CLASS
    CLASS
      NAME "Spa"
      EXPRESSION ( "[type]" = "Spa" )
      STYLE
        COLOR 13 13 13
        OUTLINECOLOR 13 13 13
        SIZE 15
        SYMBOL "circle"
      END # STYLE
    END # CLASS
    CLASS
      NAME "Storage"
      EXPRESSION ( "[type]" = "Storage" )
      STYLE
        COLOR 14 14 14
        OUTLINECOLOR 14 14 14
        SIZE 15
        SYMBOL "circle"
      END # STYLE
    END # CLASS
    CLASS
      NAME "Trailhead"
      EXPRESSION ( "[type]" = "Trailhead" )
      STYLE
        COLOR 15 15 15
        OUTLINECOLOR 15 15 15
        SIZE 15
        SYMBOL "circle"
      END # STYLE
    END # CLASS
    CLASS
      NAME "Trash"
      EXPRESSION ( "[type]" = "Trash" )
      STYLE
        COLOR 15 15 15
        OUTLINECOLOR 15 15 15
        SIZE 15
        SYMBOL "circle"
      END # STYLE
    END # CLASS
    CLASS
      NAME "Tree Care Serivc"
      EXPRESSION ( "[type]" = "Tree Care Serivc" )
      STYLE
        COLOR 16 16 16
        OUTLINECOLOR 16 16 16
        SIZE 15
        SYMBOL "circle"
      END # STYLE
    END # CLASS
    CLASS
      NAME "Waste management"
      EXPRESSION ( "[type]" = "Waste management" )
      STYLE
        COLOR 16 16 16
        OUTLINECOLOR 16 16 16
        SIZE 15
        SYMBOL "circle"
      END # STYLE
    END # CLASS
    CLASS
      NAME "Window tinting c"
      EXPRESSION ( "[type]" = "Window tinting c" )
      STYLE
        COLOR 17 17 17
        OUTLINECOLOR 17 17 17
        SIZE 15
        SYMBOL "circle"
      END # STYLE
    END # CLASS
    CLASS
      NAME "Winery"
      EXPRESSION ( "[type]" = "Winery" )
      STYLE
        COLOR 18 18 18
        OUTLINECOLOR 18 18 18
        SIZE 15
        SYMBOL "circle"
      END # STYLE
    END # CLASS
    CLASS
      NAME "Yurt"
      EXPRESSION ( "[type]" = "Yurt" )
      STYLE
        COLOR 18 18 18
        OUTLINECOLOR 18 18 18
        SIZE 15
        SYMBOL "circle"
      END # STYLE
    END # CLASS
    CLASS
      NAME "accountant"
      EXPRESSION ( "[type]" = "accountant" )
      STYLE
        COLOR 19 19 19
        OUTLINECOLOR 19 19 19
        SIZE 15
        SYMBOL "circle"
      END # STYLE
    END # CLASS
    CLASS
      NAME "administrative"
      EXPRESSION ( "[type]" = "administrative" )
      STYLE
        COLOR 19 19 19
        OUTLINECOLOR 19 19 19
        SIZE 15
        SYMBOL "circle"
      END # STYLE
    END # CLASS
    CLASS
      NAME "advertising_agen"
      EXPRESSION ( "[type]" = "advertising_agen" )
      STYLE
        COLOR 20 20 20
        OUTLINECOLOR 20 20 20
        SIZE 15
        SYMBOL "circle"
      END # STYLE
    END # CLASS
    CLASS
      NAME "agricultural_eng"
      EXPRESSION ( "[type]" = "agricultural_eng" )
      STYLE
        COLOR 21 21 21
        OUTLINECOLOR 21 21 21
        SIZE 15
        SYMBOL "circle"
      END # STYLE
    END # CLASS
    CLASS
      NAME "agricultural_equ"
      EXPRESSION ( "[type]" = "agricultural_equ" )
      STYLE
        COLOR 21 21 21
        OUTLINECOLOR 21 21 21
        SIZE 15
        SYMBOL "circle"
      END # STYLE
    END # CLASS
    CLASS
      NAME "agriculture"
      EXPRESSION ( "[type]" = "agriculture" )
      STYLE
        COLOR 22 22 22
        OUTLINECOLOR 22 22 22
        SIZE 15
        SYMBOL "circle"
      END # STYLE
    END # CLASS
    CLASS
      NAME "alcohol"
      EXPRESSION ( "[type]" = "alcohol" )
      STYLE
        COLOR 22 22 22
        OUTLINECOLOR 22 22 22
        SIZE 15
        SYMBOL "circle"
      END # STYLE
    END # CLASS
    CLASS
      NAME "alpine_hut"
      EXPRESSION ( "[type]" = "alpine_hut" )
      STYLE
        COLOR 23 23 23
        OUTLINECOLOR 23 23 23
        SIZE 15
        SYMBOL "circle"
      END # STYLE
    END # CLASS
    CLASS
      NAME "amphitheater"
      EXPRESSION ( "[type]" = "amphitheater" )
      STYLE
        COLOR 24 24 24
        OUTLINECOLOR 24 24 24
        SIZE 15
        SYMBOL "circle"
      END # STYLE
    END # CLASS
    CLASS
      NAME "animal_boarding"
      EXPRESSION ( "[type]" = "animal_boarding" )
      STYLE
        COLOR 24 24 24
        OUTLINECOLOR 24 24 24
        SIZE 15
        SYMBOL "circle"
      END # STYLE
    END # CLASS
    CLASS
      NAME "animal_shelter"
      EXPRESSION ( "[type]" = "animal_shelter" )
      STYLE
        COLOR 25 25 25
        OUTLINECOLOR 25 25 25
        SIZE 15
        SYMBOL "circle"
      END # STYLE
    END # CLASS
    CLASS
      NAME "antique"
      EXPRESSION ( "[type]" = "antique" )
      STYLE
        COLOR 25 25 25
        OUTLINECOLOR 25 25 25
        SIZE 15
        SYMBOL "circle"
      END # STYLE
    END # CLASS
    CLASS
      NAME "antiques"
      EXPRESSION ( "[type]" = "antiques" )
      STYLE
        COLOR 26 26 26
        OUTLINECOLOR 26 26 26
        SIZE 15
        SYMBOL "circle"
      END # STYLE
    END # CLASS
    CLASS
      NAME "apartments"
      EXPRESSION ( "[type]" = "apartments" )
      STYLE
        COLOR 27 27 27
        OUTLINECOLOR 27 27 27
        SIZE 15
        SYMBOL "circle"
      END # STYLE
    END # CLASS
    CLASS
      NAME "architect"
      EXPRESSION ( "[type]" = "architect" )
      STYLE
        COLOR 27 27 27
        OUTLINECOLOR 27 27 27
        SIZE 15
        SYMBOL "circle"
      END # STYLE
    END # CLASS
    CLASS
      NAME "art"
      EXPRESSION ( "[type]" = "art" )
      STYLE
        COLOR 28 28 28
        OUTLINECOLOR 28 28 28
        SIZE 15
        SYMBOL "circle"
      END # STYLE
    END # CLASS
    CLASS
      NAME "art_supplies"
      EXPRESSION ( "[type]" = "art_supplies" )
      STYLE
        COLOR 28 28 28
        OUTLINECOLOR 28 28 28
        SIZE 15
        SYMBOL "circle"
      END # STYLE
    END # CLASS
    CLASS
      NAME "arts & crafts"
      EXPRESSION ( "[type]" = "arts & crafts" )
      STYLE
        COLOR 29 29 29
        OUTLINECOLOR 29 29 29
        SIZE 15
        SYMBOL "circle"
      END # STYLE
    END # CLASS
    CLASS
      NAME "arts_centre"
      EXPRESSION ( "[type]" = "arts_centre" )
      STYLE
        COLOR 30 30 30
        OUTLINECOLOR 30 30 30
        SIZE 15
        SYMBOL "circle"
      END # STYLE
    END # CLASS
    CLASS
      NAME "artwork"
      EXPRESSION ( "[type]" = "artwork" )
      STYLE
        COLOR 30 30 30
        OUTLINECOLOR 30 30 30
        SIZE 15
        SYMBOL "circle"
      END # STYLE
    END # CLASS
    CLASS
      NAME "atm"
      EXPRESSION ( "[type]" = "atm" )
      STYLE
        COLOR 31 31 31
        OUTLINECOLOR 31 31 31
        SIZE 15
        SYMBOL "circle"
      END # STYLE
    END # CLASS
    CLASS
      NAME "attraction"
      EXPRESSION ( "[type]" = "attraction" )
      STYLE
        COLOR 31 31 31
        OUTLINECOLOR 31 31 31
        SIZE 15
        SYMBOL "circle"
      END # STYLE
    END # CLASS
    CLASS
      NAME "baby_goods"
      EXPRESSION ( "[type]" = "baby_goods" )
      STYLE
        COLOR 32 32 32
        OUTLINECOLOR 32 32 32
        SIZE 15
        SYMBOL "circle"
      END # STYLE
    END # CLASS
    CLASS
      NAME "bakery"
      EXPRESSION ( "[type]" = "bakery" )
      STYLE
        COLOR 33 33 33
        OUTLINECOLOR 33 33 33
        SIZE 15
        SYMBOL "circle"
      END # STYLE
    END # CLASS
    CLASS
      NAME "bank"
      EXPRESSION ( "[type]" = "bank" )
      STYLE
        COLOR 33 33 33
        OUTLINECOLOR 33 33 33
        SIZE 15
        SYMBOL "circle"
      END # STYLE
    END # CLASS
    CLASS
      NAME "bar"
      EXPRESSION ( "[type]" = "bar" )
      STYLE
        COLOR 34 34 34
        OUTLINECOLOR 34 34 34
        SIZE 15
        SYMBOL "circle"
      END # STYLE
    END # CLASS
    CLASS
      NAME "barbershop"
      EXPRESSION ( "[type]" = "barbershop" )
      STYLE
        COLOR 34 34 34
        OUTLINECOLOR 34 34 34
        SIZE 15
        SYMBOL "circle"
      END # STYLE
    END # CLASS
    CLASS
      NAME "batteries"
      EXPRESSION ( "[type]" = "batteries" )
      STYLE
        COLOR 35 35 35
        OUTLINECOLOR 35 35 35
        SIZE 15
        SYMBOL "circle"
      END # STYLE
    END # CLASS
    CLASS
      NAME "battery"
      EXPRESSION ( "[type]" = "battery" )
      STYLE
        COLOR 36 36 36
        OUTLINECOLOR 36 36 36
        SIZE 15
        SYMBOL "circle"
      END # STYLE
    END # CLASS
    CLASS
      NAME "bbq"
      EXPRESSION ( "[type]" = "bbq" )
      STYLE
        COLOR 36 36 36
        OUTLINECOLOR 36 36 36
        SIZE 15
        SYMBOL "circle"
      END # STYLE
    END # CLASS
    CLASS
      NAME "beacon"
      EXPRESSION ( "[type]" = "beacon" )
      STYLE
        COLOR 37 37 37
        OUTLINECOLOR 37 37 37
        SIZE 15
        SYMBOL "circle"
      END # STYLE
    END # CLASS
    CLASS
      NAME "beauty"
      EXPRESSION ( "[type]" = "beauty" )
      STYLE
        COLOR 37 37 37
        OUTLINECOLOR 37 37 37
        SIZE 15
        SYMBOL "circle"
      END # STYLE
    END # CLASS
    CLASS
      NAME "bed"
      EXPRESSION ( "[type]" = "bed" )
      STYLE
        COLOR 38 38 38
        OUTLINECOLOR 38 38 38
        SIZE 15
        SYMBOL "circle"
      END # STYLE
    END # CLASS
    CLASS
      NAME "bee"
      EXPRESSION ( "[type]" = "bee" )
      STYLE
        COLOR 39 39 39
        OUTLINECOLOR 39 39 39
        SIZE 15
        SYMBOL "circle"
      END # STYLE
    END # CLASS
    CLASS
      NAME "bench"
      EXPRESSION ( "[type]" = "bench" )
      STYLE
        COLOR 39 39 39
        OUTLINECOLOR 39 39 39
        SIZE 15
        SYMBOL "circle"
      END # STYLE
    END # CLASS
    CLASS
      NAME "bicycle"
      EXPRESSION ( "[type]" = "bicycle" )
      STYLE
        COLOR 40 40 40
        OUTLINECOLOR 255 255 255
        SIZE 18
        SYMBOL "park|101"
      END # STYLE
    END # CLASS
    CLASS
      NAME "bicycle_parking"
      EXPRESSION ( "[type]" = "bicycle_parking" )
      STYLE
        COLOR 40 40 40
        OUTLINECOLOR 51 102 255
        SIZE 18
        SYMBOL "park|101"
      END # STYLE
    END # CLASS
    CLASS
      NAME "bicycle_rental"
      EXPRESSION ( "[type]" = "bicycle_rental" )
      STYLE
        COLOR 41 41 41
        OUTLINECOLOR 51 153 102
        SIZE 18
        SYMBOL "park|101"
      END # STYLE
    END # CLASS
    CLASS
      NAME "biergarten"
      EXPRESSION ( "[type]" = "biergarten" )
      STYLE
        COLOR 42 42 42
        OUTLINECOLOR 42 42 42
        SIZE 15
        SYMBOL "circle"
      END # STYLE
    END # CLASS
    CLASS
      NAME "bin"
      EXPRESSION ( "[type]" = "bin" )
      STYLE
        COLOR 42 42 42
        OUTLINECOLOR 42 42 42
        SIZE 15
        SYMBOL "circle"
      END # STYLE
    END # CLASS
    CLASS
      NAME "board"
      EXPRESSION ( "[type]" = "board" )
      STYLE
        COLOR 43 43 43
        OUTLINECOLOR 43 43 43
        SIZE 15
        SYMBOL "circle"
      END # STYLE
    END # CLASS
    CLASS
      NAME "boat"
      EXPRESSION ( "[type]" = "boat" )
      STYLE
        COLOR 43 43 43
        OUTLINECOLOR 255 255 255
        SIZE 18
        SYMBOL "park|123"
      END # STYLE
    END # CLASS
    CLASS
      NAME "boat-repair"
      EXPRESSION ( "[type]" = "boat-repair" )
      STYLE
        COLOR 44 44 44
        OUTLINECOLOR 44 44 44
        SIZE 15
        SYMBOL "circle"
      END # STYLE
    END # CLASS
    CLASS
      NAME "boat_sharing"
      EXPRESSION ( "[type]" = "boat_sharing" )
      STYLE
        COLOR 45 45 45
        OUTLINECOLOR 45 45 45
        SIZE 15
        SYMBOL "circle"
      END # STYLE
    END # CLASS
    CLASS
      NAME "boatbuilder"
      EXPRESSION ( "[type]" = "boatbuilder" )
      STYLE
        COLOR 45 45 45
        OUTLINECOLOR 45 45 45
        SIZE 15
        SYMBOL "circle"
      END # STYLE
    END # CLASS
    CLASS
      NAME "books"
      EXPRESSION ( "[type]" = "books" )
      STYLE
        COLOR 46 46 46
        OUTLINECOLOR 46 46 46
        SIZE 15
        SYMBOL "circle"
      END # STYLE
    END # CLASS
    CLASS
      NAME "boutique"
      EXPRESSION ( "[type]" = "boutique" )
      STYLE
        COLOR 46 46 46
        OUTLINECOLOR 46 46 46
        SIZE 15
        SYMBOL "circle"
      END # STYLE
    END # CLASS
    CLASS
      NAME "brewery"
      EXPRESSION ( "[type]" = "brewery" )
      STYLE
        COLOR 255 0 0
        OUTLINECOLOR 0 0 0
        SIZE 18
        SYMBOL "signs|8721"
      END # STYLE
    END # CLASS
    CLASS
      NAME "buffer_stop"
      EXPRESSION ( "[type]" = "buffer_stop" )
      STYLE
        COLOR 48 48 48
        OUTLINECOLOR 48 48 48
        SIZE 15
        SYMBOL "circle"
      END # STYLE
    END # CLASS
    CLASS
      NAME "building"
      EXPRESSION ( "[type]" = "building" )
      STYLE
        COLOR 48 48 48
        OUTLINECOLOR 48 48 48
        SIZE 15
        SYMBOL "circle"
      END # STYLE
    END # CLASS
    CLASS
      NAME "bus_station"
      EXPRESSION ( "[type]" = "bus_station" )
      STYLE
        COLOR 0 0 0
        OUTLINECOLOR 0 0 255
        SIZE 16
        SYMBOL "park|51"
      END # STYLE
    END # CLASS
    CLASS
      NAME "bus_stop"
      EXPRESSION ( "[type]" = "bus_stop" )
      STYLE
        COLOR 49 49 49
        OUTLINECOLOR 255 0 0
        SIZE 16
        SYMBOL "park|51"
      END # STYLE
    END # CLASS
    CLASS
      NAME "butcher"
      EXPRESSION ( "[type]" = "butcher" )
      STYLE
        COLOR 50 50 50
        OUTLINECOLOR 50 50 50
        SIZE 15
        SYMBOL "circle"
      END # STYLE
    END # CLASS
    CLASS
      NAME "cabinets"
      EXPRESSION ( "[type]" = "cabinets" )
      STYLE
        COLOR 51 51 51
        OUTLINECOLOR 51 51 51
        SIZE 15
        SYMBOL "circle"
      END # STYLE
    END # CLASS
    CLASS
      NAME "cafe"
      EXPRESSION ( "[type]" = "cafe" )
      STYLE
        COLOR 51 51 51
        OUTLINECOLOR 255 255 255
        SIZE 16
        SYMBOL "cartographic|100"
      END # STYLE
    END # CLASS
    CLASS
      NAME "camera"
      EXPRESSION ( "[type]" = "camera" )
      STYLE
        COLOR 52 52 52
        OUTLINECOLOR 52 52 52
        SIZE 15
        SYMBOL "circle"
      END # STYLE
    END # CLASS
    CLASS
      NAME "camp_ground"
      EXPRESSION ( "[type]" = "camp_ground" )
      STYLE
        COLOR 52 52 52
        OUTLINECOLOR 52 52 52
        SIZE 15
        SYMBOL "circle"
      END # STYLE
    END # CLASS
    CLASS
      NAME "camp_site"
      EXPRESSION ( "[type]" = "camp_site" )
      STYLE
        COLOR 53 53 53
        OUTLINECOLOR 53 53 53
        SIZE 15
        SYMBOL "circle"
      END # STYLE
    END # CLASS
    CLASS
      NAME "candy"
      EXPRESSION ( "[type]" = "candy" )
      STYLE
        COLOR 54 54 54
        OUTLINECOLOR 54 54 54
        SIZE 15
        SYMBOL "circle"
      END # STYLE
    END # CLASS
    CLASS
      NAME "car"
      EXPRESSION ( "[type]" = "car" )
      STYLE
        COLOR 54 54 54
        OUTLINECOLOR 54 54 54
        SIZE 15
        SYMBOL "circle"
      END # STYLE
    END # CLASS
    CLASS
      NAME "car_parts"
      EXPRESSION ( "[type]" = "car_parts" )
      STYLE
        COLOR 55 55 55
        OUTLINECOLOR 55 55 55
        SIZE 15
        SYMBOL "circle"
      END # STYLE
    END # CLASS
    CLASS
      NAME "car_rental"
      EXPRESSION ( "[type]" = "car_rental" )
      STYLE
        COLOR 55 55 55
        OUTLINECOLOR 55 55 55
        SIZE 15
        SYMBOL "circle"
      END # STYLE
    END # CLASS
    CLASS
      NAME "car_repair"
      EXPRESSION ( "[type]" = "car_repair" )
      STYLE
        COLOR 56 56 56
        OUTLINECOLOR 56 56 56
        SIZE 15
        SYMBOL "circle"
      END # STYLE
    END # CLASS
    CLASS
      NAME "car_sharing"
      EXPRESSION ( "[type]" = "car_sharing" )
      STYLE
        COLOR 57 57 57
        OUTLINECOLOR 57 57 57
        SIZE 15
        SYMBOL "circle"
      END # STYLE
    END # CLASS
    CLASS
      NAME "car_wash"
      EXPRESSION ( "[type]" = "car_wash" )
      STYLE
        COLOR 57 57 57
        OUTLINECOLOR 57 57 57
        SIZE 15
        SYMBOL "circle"
      END # STYLE
    END # CLASS
    CLASS
      NAME "caravan_site"
      EXPRESSION ( "[type]" = "caravan_site" )
      STYLE
        COLOR 58 58 58
        OUTLINECOLOR 255 255 255
        SIZE 16
        SYMBOL "park|121"
      END # STYLE
    END # CLASS
    CLASS
      NAME "cell"
      EXPRESSION ( "[type]" = "cell" )
      STYLE
        COLOR 58 58 58
        OUTLINECOLOR 58 58 58
        SIZE 15
        SYMBOL "circle"
      END # STYLE
    END # CLASS
    CLASS
      NAME "chalet"
      EXPRESSION ( "[type]" = "chalet" )
      STYLE
        COLOR 59 59 59
        OUTLINECOLOR 59 59 59
        SIZE 15
        SYMBOL "circle"
      END # STYLE
    END # CLASS
    CLASS
      NAME "charity"
      EXPRESSION ( "[type]" = "charity" )
      STYLE
        COLOR 60 60 60
        OUTLINECOLOR 60 60 60
        SIZE 15
        SYMBOL "circle"
      END # STYLE
    END # CLASS
    CLASS
      NAME "charter_fishing"
      EXPRESSION ( "[type]" = "charter_fishing" )
      STYLE
        COLOR 60 60 60
        OUTLINECOLOR 60 60 60
        SIZE 15
        SYMBOL "circle"
      END # STYLE
    END # CLASS
    CLASS
      NAME "cheese"
      EXPRESSION ( "[type]" = "cheese" )
      STYLE
        COLOR 61 61 61
        OUTLINECOLOR 61 61 61
        SIZE 15
        SYMBOL "circle"
      END # STYLE
    END # CLASS
    CLASS
      NAME "chemist"
      EXPRESSION ( "[type]" = "chemist" )
      STYLE
        COLOR 61 61 61
        OUTLINECOLOR 61 61 61
        SIZE 15
        SYMBOL "circle"
      END # STYLE
    END # CLASS
    CLASS
      NAME "chimney"
      EXPRESSION ( "[type]" = "chimney" )
      STYLE
        COLOR 62 62 62
        OUTLINECOLOR 62 62 62
        SIZE 15
        SYMBOL "circle"
      END # STYLE
    END # CLASS
    CLASS
      NAME "chocolate"
      EXPRESSION ( "[type]" = "chocolate" )
      STYLE
        COLOR 63 63 63
        OUTLINECOLOR 63 63 63
        SIZE 15
        SYMBOL "circle"
      END # STYLE
    END # CLASS
    CLASS
      NAME "cinema"
      EXPRESSION ( "[type]" = "cinema" )
      STYLE
        COLOR 63 63 63
        OUTLINECOLOR 63 63 63
        SIZE 15
        SYMBOL "circle"
      END # STYLE
    END # CLASS
    CLASS
      NAME "clinic"
      EXPRESSION ( "[type]" = "clinic" )
      STYLE
        COLOR 64 64 64
        OUTLINECOLOR 64 64 64
        SIZE 15
        SYMBOL "circle"
      END # STYLE
    END # CLASS
    CLASS
      NAME "clock"
      EXPRESSION ( "[type]" = "clock" )
      STYLE
        COLOR 64 64 64
        OUTLINECOLOR 64 64 64
        SIZE 15
        SYMBOL "circle"
      END # STYLE
    END # CLASS
    CLASS
      NAME "clocks"
      EXPRESSION ( "[type]" = "clocks" )
      STYLE
        COLOR 65 65 65
        OUTLINECOLOR 65 65 65
        SIZE 15
        SYMBOL "circle"
      END # STYLE
    END # CLASS
    CLASS
      NAME "clothes"
      EXPRESSION ( "[type]" = "clothes" )
      STYLE
        COLOR 66 66 66
        OUTLINECOLOR 66 66 66
        SIZE 15
        SYMBOL "circle"
      END # STYLE
    END # CLASS
    CLASS
      NAME "college"
      EXPRESSION ( "[type]" = "college" )
      STYLE
        COLOR 66 66 66
        OUTLINECOLOR 66 66 66
        SIZE 15
        SYMBOL "circle"
      END # STYLE
    END # CLASS
    CLASS
      NAME "communications_t"
      EXPRESSION ( "[type]" = "communications_t" )
      STYLE
        COLOR 67 67 67
        OUTLINECOLOR 67 67 67
        SIZE 15
        SYMBOL "circle"
      END # STYLE
    END # CLASS
    CLASS
      NAME "community_center"
      EXPRESSION ( "[type]" = "community_center" )
      STYLE
        COLOR 67 67 67
        OUTLINECOLOR 67 67 67
        SIZE 15
        SYMBOL "circle"
      END # STYLE
    END # CLASS
    CLASS
      NAME "community_centre"
      EXPRESSION ( "[type]" = "community_centre" )
      STYLE
        COLOR 68 68 68
        OUTLINECOLOR 68 68 68
        SIZE 15
        SYMBOL "circle"
      END # STYLE
    END # CLASS
    CLASS
      NAME "company"
      EXPRESSION ( "[type]" = "company" )
      STYLE
        COLOR 69 69 69
        OUTLINECOLOR 69 69 69
        SIZE 15
        SYMBOL "circle"
      END # STYLE
    END # CLASS
    CLASS
      NAME "compressed_air"
      EXPRESSION ( "[type]" = "compressed_air" )
      STYLE
        COLOR 69 69 69
        OUTLINECOLOR 69 69 69
        SIZE 15
        SYMBOL "circle"
      END # STYLE
    END # CLASS
    CLASS
      NAME "computer"
      EXPRESSION ( "[type]" = "computer" )
      STYLE
        COLOR 70 70 70
        OUTLINECOLOR 70 70 70
        SIZE 15
        SYMBOL "circle"
      END # STYLE
    END # CLASS
    CLASS
      NAME "confectionery"
      EXPRESSION ( "[type]" = "confectionery" )
      STYLE
        COLOR 70 70 70
        OUTLINECOLOR 70 70 70
        SIZE 15
        SYMBOL "circle"
      END # STYLE
    END # CLASS
    CLASS
      NAME "construction"
      EXPRESSION ( "[type]" = "construction" )
      STYLE
        COLOR 71 71 71
        OUTLINECOLOR 71 71 71
        SIZE 15
        SYMBOL "circle"
      END # STYLE
    END # CLASS
    CLASS
      NAME "convenience"
      EXPRESSION ( "[type]" = "convenience" )
      STYLE
        COLOR 72 72 72
        OUTLINECOLOR 72 72 72
        SIZE 15
        SYMBOL "circle"
      END # STYLE
    END # CLASS
    CLASS
      NAME "copyshop"
      EXPRESSION ( "[type]" = "copyshop" )
      STYLE
        COLOR 72 72 72
        OUTLINECOLOR 72 72 72
        SIZE 15
        SYMBOL "circle"
      END # STYLE
    END # CLASS
    CLASS
      NAME "copyshop;station"
      EXPRESSION ( "[type]" = "copyshop;station" )
      STYLE
        COLOR 73 73 73
        OUTLINECOLOR 73 73 73
        SIZE 15
        SYMBOL "circle"
      END # STYLE
    END # CLASS
    CLASS
      NAME "cosmetics"
      EXPRESSION ( "[type]" = "cosmetics" )
      STYLE
        COLOR 73 73 73
        OUTLINECOLOR 73 73 73
        SIZE 15
        SYMBOL "circle"
      END # STYLE
    END # CLASS
    CLASS
      NAME "courthouse"
      EXPRESSION ( "[type]" = "courthouse" )
      STYLE
        COLOR 74 74 74
        OUTLINECOLOR 74 74 74
        SIZE 15
        SYMBOL "circle"
      END # STYLE
    END # CLASS
    CLASS
      NAME "craft"
      EXPRESSION ( "[type]" = "craft" )
      STYLE
        COLOR 75 75 75
        OUTLINECOLOR 75 75 75
        SIZE 15
        SYMBOL "circle"
      END # STYLE
    END # CLASS
    CLASS
      NAME "crossing"
      EXPRESSION ( "[type]" = "crossing" )
      STYLE
        COLOR 75 75 75
        OUTLINECOLOR 75 75 75
        SIZE 15
        SYMBOL "circle"
      END # STYLE
    END # CLASS
    CLASS
      NAME "dance_studio"
      EXPRESSION ( "[type]" = "dance_studio" )
      STYLE
        COLOR 76 76 76
        OUTLINECOLOR 76 76 76
        SIZE 15
        SYMBOL "circle"
      END # STYLE
    END # CLASS
    CLASS
      NAME "deli"
      EXPRESSION ( "[type]" = "deli" )
      STYLE
        COLOR 76 76 76
        OUTLINECOLOR 76 76 76
        SIZE 15
        SYMBOL "circle"
      END # STYLE
    END # CLASS
    CLASS
      NAME "dentist"
      EXPRESSION ( "[type]" = "dentist" )
      STYLE
        COLOR 77 77 77
        OUTLINECOLOR 77 77 77
        SIZE 15
        SYMBOL "circle"
      END # STYLE
    END # CLASS
    CLASS
      NAME "department_store"
      EXPRESSION ( "[type]" = "department_store" )
      STYLE
        COLOR 78 78 78
        OUTLINECOLOR 78 78 78
        SIZE 15
        SYMBOL "circle"
      END # STYLE
    END # CLASS
    CLASS
      NAME "distillery"
      EXPRESSION ( "[type]" = "distillery" )
      STYLE
        COLOR 78 78 78
        OUTLINECOLOR 78 78 78
        SIZE 15
        SYMBOL "circle"
      END # STYLE
    END # CLASS
    CLASS
      NAME "doctors"
      EXPRESSION ( "[type]" = "doctors" )
      STYLE
        COLOR 79 79 79
        OUTLINECOLOR 79 79 79
        SIZE 15
        SYMBOL "circle"
      END # STYLE
    END # CLASS
    CLASS
      NAME "dog_grooming"
      EXPRESSION ( "[type]" = "dog_grooming" )
      STYLE
        COLOR 79 79 79
        OUTLINECOLOR 79 79 79
        SIZE 15
        SYMBOL "circle"
      END # STYLE
    END # CLASS
    CLASS
      NAME "doityourself"
      EXPRESSION ( "[type]" = "doityourself" )
      STYLE
        COLOR 80 80 80
        OUTLINECOLOR 80 80 80
        SIZE 15
        SYMBOL "circle"
      END # STYLE
    END # CLASS
    CLASS
      NAME "dojo"
      EXPRESSION ( "[type]" = "dojo" )
      STYLE
        COLOR 81 81 81
        OUTLINECOLOR 81 81 81
        SIZE 15
        SYMBOL "circle"
      END # STYLE
    END # CLASS
    CLASS
      NAME "drinking_water"
      EXPRESSION ( "[type]" = "drinking_water" )
      STYLE
        COLOR 81 81 81
        OUTLINECOLOR 81 81 81
        SIZE 15
        SYMBOL "circle"
      END # STYLE
    END # CLASS
    CLASS
      NAME "dry_cleaning"
      EXPRESSION ( "[type]" = "dry_cleaning" )
      STYLE
        COLOR 82 82 82
        OUTLINECOLOR 82 82 82
        SIZE 15
        SYMBOL "circle"
      END # STYLE
    END # CLASS
    CLASS
      NAME "electrcan"
      EXPRESSION ( "[type]" = "electrcan" )
      STYLE
        COLOR 82 82 82
        OUTLINECOLOR 82 82 82
        SIZE 15
        SYMBOL "circle"
      END # STYLE
    END # CLASS
    CLASS
      NAME "electrican"
      EXPRESSION ( "[type]" = "electrican" )
      STYLE
        COLOR 83 83 83
        OUTLINECOLOR 83 83 83
        SIZE 15
        SYMBOL "circle"
      END # STYLE
    END # CLASS
    CLASS
      NAME "electrician"
      EXPRESSION ( "[type]" = "electrician" )
      STYLE
        COLOR 84 84 84
        OUTLINECOLOR 84 84 84
        SIZE 15
        SYMBOL "circle"
      END # STYLE
    END # CLASS
    CLASS
      NAME "electronics"
      EXPRESSION ( "[type]" = "electronics" )
      STYLE
        COLOR 84 84 84
        OUTLINECOLOR 84 84 84
        SIZE 15
        SYMBOL "circle"
      END # STYLE
    END # CLASS
    CLASS
      NAME "elevator"
      EXPRESSION ( "[type]" = "elevator" )
      STYLE
        COLOR 85 85 85
        OUTLINECOLOR 85 85 85
        SIZE 15
        SYMBOL "circle"
      END # STYLE
    END # CLASS
    CLASS
      NAME "emergency_access"
      EXPRESSION ( "[type]" = "emergency_access" )
      STYLE
        COLOR 85 85 85
        OUTLINECOLOR 85 85 85
        SIZE 15
        SYMBOL "circle"
      END # STYLE
    END # CLASS
    CLASS
      NAME "emergency_phone"
      EXPRESSION ( "[type]" = "emergency_phone" )
      STYLE
        COLOR 86 86 86
        OUTLINECOLOR 86 86 86
        SIZE 15
        SYMBOL "circle"
      END # STYLE
    END # CLASS
    CLASS
      NAME "employment_agenc"
      EXPRESSION ( "[type]" = "employment_agenc" )
      STYLE
        COLOR 87 87 87
        OUTLINECOLOR 87 87 87
        SIZE 15
        SYMBOL "circle"
      END # STYLE
    END # CLASS
    CLASS
      NAME "engineer"
      EXPRESSION ( "[type]" = "engineer" )
      STYLE
        COLOR 87 87 87
        OUTLINECOLOR 87 87 87
        SIZE 15
        SYMBOL "circle"
      END # STYLE
    END # CLASS
    CLASS
      NAME "engraving"
      EXPRESSION ( "[type]" = "engraving" )
      STYLE
        COLOR 88 88 88
        OUTLINECOLOR 88 88 88
        SIZE 15
        SYMBOL "circle"
      END # STYLE
    END # CLASS
    CLASS
      NAME "erotic"
      EXPRESSION ( "[type]" = "erotic" )
      STYLE
        COLOR 88 88 88
        OUTLINECOLOR 88 88 88
        SIZE 15
        SYMBOL "circle"
      END # STYLE
    END # CLASS
    CLASS
      NAME "estate_agent"
      EXPRESSION ( "[type]" = "estate_agent" )
      STYLE
        COLOR 89 89 89
        OUTLINECOLOR 89 89 89
        SIZE 15
        SYMBOL "circle"
      END # STYLE
    END # CLASS
    CLASS
      NAME "ev_charging"
      EXPRESSION ( "[type]" = "ev_charging" )
      STYLE
        COLOR 90 90 90
        OUTLINECOLOR 90 90 90
        SIZE 15
        SYMBOL "circle"
      END # STYLE
    END # CLASS
    CLASS
      NAME "event_space"
      EXPRESSION ( "[type]" = "event_space" )
      STYLE
        COLOR 90 90 90
        OUTLINECOLOR 90 90 90
        SIZE 15
        SYMBOL "circle"
      END # STYLE
    END # CLASS
    CLASS
      NAME "fabric"
      EXPRESSION ( "[type]" = "fabric" )
      STYLE
        COLOR 91 91 91
        OUTLINECOLOR 91 91 91
        SIZE 15
        SYMBOL "circle"
      END # STYLE
    END # CLASS
    CLASS
      NAME "farm"
      EXPRESSION ( "[type]" = "farm" )
      STYLE
        COLOR 91 91 91
        OUTLINECOLOR 91 91 91
        SIZE 15
        SYMBOL "circle"
      END # STYLE
    END # CLASS
    CLASS
      NAME "farm_machine"
      EXPRESSION ( "[type]" = "farm_machine" )
      STYLE
        COLOR 92 92 92
        OUTLINECOLOR 92 92 92
        SIZE 15
        SYMBOL "circle"
      END # STYLE
    END # CLASS
    CLASS
      NAME "fast_food"
      EXPRESSION ( "[type]" = "fast_food" )
      STYLE
        COLOR 93 93 93
        OUTLINECOLOR 93 93 93
        SIZE 15
        SYMBOL "circle"
      END # STYLE
    END # CLASS
    CLASS
      NAME "feed"
      EXPRESSION ( "[type]" = "feed" )
      STYLE
        COLOR 93 93 93
        OUTLINECOLOR 93 93 93
        SIZE 15
        SYMBOL "circle"
      END # STYLE
    END # CLASS
    CLASS
      NAME "fence"
      EXPRESSION ( "[type]" = "fence" )
      STYLE
        COLOR 94 94 94
        OUTLINECOLOR 94 94 94
        SIZE 15
        SYMBOL "circle"
      END # STYLE
    END # CLASS
    CLASS
      NAME "ferry_terminal"
      EXPRESSION ( "[type]" = "ferry_terminal" )
      STYLE
        COLOR 94 94 94
        OUTLINECOLOR 94 94 94
        SIZE 15
        SYMBOL "circle"
      END # STYLE
    END # CLASS
    CLASS
      NAME "finance"
      EXPRESSION ( "[type]" = "finance" )
      STYLE
        COLOR 95 95 95
        OUTLINECOLOR 95 95 95
        SIZE 15
        SYMBOL "circle"
      END # STYLE
    END # CLASS
    CLASS
      NAME "financial"
      EXPRESSION ( "[type]" = "financial" )
      STYLE
        COLOR 96 96 96
        OUTLINECOLOR 96 96 96
        SIZE 15
        SYMBOL "circle"
      END # STYLE
    END # CLASS
    CLASS
      NAME "fire_hydrant"
      EXPRESSION ( "[type]" = "fire_hydrant" )
      STYLE
        COLOR 96 96 96
        OUTLINECOLOR 96 96 96
        SIZE 15
        SYMBOL "circle"
      END # STYLE
    END # CLASS
    CLASS
      NAME "fire_station"
      EXPRESSION ( "[type]" = "fire_station" )
      STYLE
        COLOR 97 97 97
        OUTLINECOLOR 97 97 97
        SIZE 15
        SYMBOL "circle"
      END # STYLE
    END # CLASS
    CLASS
      NAME "first_aid"
      EXPRESSION ( "[type]" = "first_aid" )
      STYLE
        COLOR 97 97 97
        OUTLINECOLOR 97 97 97
        SIZE 15
        SYMBOL "circle"
      END # STYLE
    END # CLASS
    CLASS
      NAME "fish_cleaning"
      EXPRESSION ( "[type]" = "fish_cleaning" )
      STYLE
        COLOR 98 98 98
        OUTLINECOLOR 98 98 98
        SIZE 15
        SYMBOL "circle"
      END # STYLE
    END # CLASS
    CLASS
      NAME "fishmonger"
      EXPRESSION ( "[type]" = "fishmonger" )
      STYLE
        COLOR 99 99 99
        OUTLINECOLOR 99 99 99
        SIZE 15
        SYMBOL "circle"
      END # STYLE
    END # CLASS
    CLASS
      NAME "fitness_center"
      EXPRESSION ( "[type]" = "fitness_center" )
      STYLE
        COLOR 99 99 99
        OUTLINECOLOR 99 99 99
        SIZE 15
        SYMBOL "circle"
      END # STYLE
    END # CLASS
    CLASS
      NAME "fixed_base_opera"
      EXPRESSION ( "[type]" = "fixed_base_opera" )
      STYLE
        COLOR 100 100 100
        OUTLINECOLOR 100 100 100
        SIZE 15
        SYMBOL "circle"
      END # STYLE
    END # CLASS
    CLASS
      NAME "fixme"
      EXPRESSION ( "[type]" = "fixme" )
      STYLE
        COLOR 100 100 100
        OUTLINECOLOR 100 100 100
        SIZE 15
        SYMBOL "circle"
      END # STYLE
    END # CLASS
    CLASS
      NAME "flagpole"
      EXPRESSION ( "[type]" = "flagpole" )
      STYLE
        COLOR 101 101 101
        OUTLINECOLOR 101 101 101
        SIZE 15
        SYMBOL "circle"
      END # STYLE
    END # CLASS
    CLASS
      NAME "floor"
      EXPRESSION ( "[type]" = "floor" )
      STYLE
        COLOR 102 102 102
        OUTLINECOLOR 102 102 102
        SIZE 15
        SYMBOL "circle"
      END # STYLE
    END # CLASS
    CLASS
      NAME "flooring"
      EXPRESSION ( "[type]" = "flooring" )
      STYLE
        COLOR 102 102 102
        OUTLINECOLOR 102 102 102
        SIZE 15
        SYMBOL "circle"
      END # STYLE
    END # CLASS
    CLASS
      NAME "florist"
      EXPRESSION ( "[type]" = "florist" )
      STYLE
        COLOR 103 103 103
        OUTLINECOLOR 103 103 103
        SIZE 15
        SYMBOL "circle"
      END # STYLE
    END # CLASS
    CLASS
      NAME "food_court"
      EXPRESSION ( "[type]" = "food_court" )
      STYLE
        COLOR 103 103 103
        OUTLINECOLOR 103 103 103
        SIZE 15
        SYMBOL "circle"
      END # STYLE
    END # CLASS
    CLASS
      NAME "ford"
      EXPRESSION ( "[type]" = "ford" )
      STYLE
        COLOR 104 104 104
        OUTLINECOLOR 104 104 104
        SIZE 15
        SYMBOL "circle"
      END # STYLE
    END # CLASS
    CLASS
      NAME "fountain"
      EXPRESSION ( "[type]" = "fountain" )
      STYLE
        COLOR 105 105 105
        OUTLINECOLOR 105 105 105
        SIZE 15
        SYMBOL "circle"
      END # STYLE
    END # CLASS
    CLASS
      NAME "frame"
      EXPRESSION ( "[type]" = "frame" )
      STYLE
        COLOR 105 105 105
        OUTLINECOLOR 105 105 105
        SIZE 15
        SYMBOL "circle"
      END # STYLE
    END # CLASS
    CLASS
      NAME "fuel"
      EXPRESSION ( "[type]" = "fuel" )
      STYLE
        COLOR 106 106 106
        OUTLINECOLOR 106 106 106
        SIZE 15
        SYMBOL "circle"
      END # STYLE
    END # CLASS
    CLASS
      NAME "funeral_director"
      EXPRESSION ( "[type]" = "funeral_director" )
      STYLE
        COLOR 106 106 106
        OUTLINECOLOR 106 106 106
        SIZE 15
        SYMBOL "circle"
      END # STYLE
    END # CLASS
    CLASS
      NAME "furniture"
      EXPRESSION ( "[type]" = "furniture" )
      STYLE
        COLOR 107 107 107
        OUTLINECOLOR 107 107 107
        SIZE 15
        SYMBOL "circle"
      END # STYLE
    END # CLASS
    CLASS
      NAME "gallery"
      EXPRESSION ( "[type]" = "gallery" )
      STYLE
        COLOR 108 108 108
        OUTLINECOLOR 108 108 108
        SIZE 15
        SYMBOL "circle"
      END # STYLE
    END # CLASS
    CLASS
      NAME "games"
      EXPRESSION ( "[type]" = "games" )
      STYLE
        COLOR 108 108 108
        OUTLINECOLOR 108 108 108
        SIZE 15
        SYMBOL "circle"
      END # STYLE
    END # CLASS
    CLASS
      NAME "garden_centre"
      EXPRESSION ( "[type]" = "garden_centre" )
      STYLE
        COLOR 109 109 109
        OUTLINECOLOR 109 109 109
        SIZE 15
        SYMBOL "circle"
      END # STYLE
    END # CLASS
    CLASS
      NAME "gas"
      EXPRESSION ( "[type]" = "gas" )
      STYLE
        COLOR 109 109 109
        OUTLINECOLOR 109 109 109
        SIZE 15
        SYMBOL "circle"
      END # STYLE
    END # CLASS
    CLASS
      NAME "gasometer"
      EXPRESSION ( "[type]" = "gasometer" )
      STYLE
        COLOR 110 110 110
        OUTLINECOLOR 110 110 110
        SIZE 15
        SYMBOL "circle"
      END # STYLE
    END # CLASS
    CLASS
      NAME "general"
      EXPRESSION ( "[type]" = "general" )
      STYLE
        COLOR 111 111 111
        OUTLINECOLOR 111 111 111
        SIZE 15
        SYMBOL "circle"
      END # STYLE
    END # CLASS
    CLASS
      NAME "gift"
      EXPRESSION ( "[type]" = "gift" )
      STYLE
        COLOR 111 111 111
        OUTLINECOLOR 111 111 111
        SIZE 15
        SYMBOL "circle"
      END # STYLE
    END # CLASS
    CLASS
      NAME "give_way"
      EXPRESSION ( "[type]" = "give_way" )
      STYLE
        COLOR 112 112 112
        OUTLINECOLOR 112 112 112
        SIZE 15
        SYMBOL "circle"
      END # STYLE
    END # CLASS
    CLASS
      NAME "glass"
      EXPRESSION ( "[type]" = "glass" )
      STYLE
        COLOR 112 112 112
        OUTLINECOLOR 112 112 112
        SIZE 15
        SYMBOL "circle"
      END # STYLE
    END # CLASS
    CLASS
      NAME "glaziery"
      EXPRESSION ( "[type]" = "glaziery" )
      STYLE
        COLOR 113 113 113
        OUTLINECOLOR 113 113 113
        SIZE 15
        SYMBOL "circle"
      END # STYLE
    END # CLASS
    CLASS
      NAME "golf"
      EXPRESSION ( "[type]" = "golf" )
      STYLE
        COLOR 114 114 114
        OUTLINECOLOR 114 114 114
        SIZE 15
        SYMBOL "circle"
      END # STYLE
    END # CLASS
    CLASS
      NAME "government"
      EXPRESSION ( "[type]" = "government" )
      STYLE
        COLOR 114 114 114
        OUTLINECOLOR 114 114 114
        SIZE 15
        SYMBOL "circle"
      END # STYLE
    END # CLASS
    CLASS
      NAME "grave_yard"
      EXPRESSION ( "[type]" = "grave_yard" )
      STYLE
        COLOR 115 115 115
        OUTLINECOLOR 115 115 115
        SIZE 15
        SYMBOL "circle"
      END # STYLE
    END # CLASS
    CLASS
      NAME "greengrocer"
      EXPRESSION ( "[type]" = "greengrocer" )
      STYLE
        COLOR 115 115 115
        OUTLINECOLOR 115 115 115
        SIZE 15
        SYMBOL "circle"
      END # STYLE
    END # CLASS
    CLASS
      NAME "grocery"
      EXPRESSION ( "[type]" = "grocery" )
      STYLE
        COLOR 116 116 116
        OUTLINECOLOR 116 116 116
        SIZE 15
        SYMBOL "circle"
      END # STYLE
    END # CLASS
    CLASS
      NAME "grooming"
      EXPRESSION ( "[type]" = "grooming" )
      STYLE
        COLOR 117 117 117
        OUTLINECOLOR 117 117 117
        SIZE 15
        SYMBOL "circle"
      END # STYLE
    END # CLASS
    CLASS
      NAME "guest_house"
      EXPRESSION ( "[type]" = "guest_house" )
      STYLE
        COLOR 117 117 117
        OUTLINECOLOR 117 117 117
        SIZE 15
        SYMBOL "circle"
      END # STYLE
    END # CLASS
    CLASS
      NAME "guitar"
      EXPRESSION ( "[type]" = "guitar" )
      STYLE
        COLOR 118 118 118
        OUTLINECOLOR 118 118 118
        SIZE 15
        SYMBOL "circle"
      END # STYLE
    END # CLASS
    CLASS
      NAME "gym"
      EXPRESSION ( "[type]" = "gym" )
      STYLE
        COLOR 118 118 118
        OUTLINECOLOR 118 118 118
        SIZE 15
        SYMBOL "circle"
      END # STYLE
    END # CLASS
    CLASS
      NAME "hairdresser"
      EXPRESSION ( "[type]" = "hairdresser" )
      STYLE
        COLOR 119 119 119
        OUTLINECOLOR 119 119 119
        SIZE 15
        SYMBOL "circle"
      END # STYLE
    END # CLASS
    CLASS
      NAME "halt"
      EXPRESSION ( "[type]" = "halt" )
      STYLE
        COLOR 120 120 120
        OUTLINECOLOR 120 120 120
        SIZE 15
        SYMBOL "circle"
      END # STYLE
    END # CLASS
    CLASS
      NAME "hardware"
      EXPRESSION ( "[type]" = "hardware" )
      STYLE
        COLOR 120 120 120
        OUTLINECOLOR 120 120 120
        SIZE 15
        SYMBOL "circle"
      END # STYLE
    END # CLASS
    CLASS
      NAME "hat"
      EXPRESSION ( "[type]" = "hat" )
      STYLE
        COLOR 121 121 121
        OUTLINECOLOR 121 121 121
        SIZE 15
        SYMBOL "circle"
      END # STYLE
    END # CLASS
    CLASS
      NAME "head"
      EXPRESSION ( "[type]" = "head" )
      STYLE
        COLOR 121 121 121
        OUTLINECOLOR 121 121 121
        SIZE 15
        SYMBOL "circle"
      END # STYLE
    END # CLASS
    CLASS
      NAME "health"
      EXPRESSION ( "[type]" = "health" )
      STYLE
        COLOR 122 122 122
        OUTLINECOLOR 122 122 122
        SIZE 15
        SYMBOL "circle"
      END # STYLE
    END # CLASS
    CLASS
      NAME "heating/AC"
      EXPRESSION ( "[type]" = "heating/AC" )
      STYLE
        COLOR 123 123 123
        OUTLINECOLOR 123 123 123
        SIZE 15
        SYMBOL "circle"
      END # STYLE
    END # CLASS
    CLASS
      NAME "hifi"
      EXPRESSION ( "[type]" = "hifi" )
      STYLE
        COLOR 123 123 123
        OUTLINECOLOR 123 123 123
        SIZE 15
        SYMBOL "circle"
      END # STYLE
    END # CLASS
    CLASS
      NAME "hospital"
      EXPRESSION ( "[type]" = "hospital" )
      STYLE
        COLOR 124 124 124
        OUTLINECOLOR 124 124 124
        SIZE 15
        SYMBOL "circle"
      END # STYLE
    END # CLASS
    CLASS
      NAME "hostel"
      EXPRESSION ( "[type]" = "hostel" )
      STYLE
        COLOR 124 124 124
        OUTLINECOLOR 124 124 124
        SIZE 15
        SYMBOL "circle"
      END # STYLE
    END # CLASS
    CLASS
      NAME "hotel"
      EXPRESSION ( "[type]" = "hotel" )
      STYLE
        COLOR 125 125 125
        OUTLINECOLOR 125 125 125
        SIZE 15
        SYMBOL "circle"
      END # STYLE
    END # CLASS
    CLASS
      NAME "household"
      EXPRESSION ( "[type]" = "household" )
      STYLE
        COLOR 126 126 126
        OUTLINECOLOR 126 126 126
        SIZE 15
        SYMBOL "circle"
      END # STYLE
    END # CLASS
    CLASS
      NAME "houseware"
      EXPRESSION ( "[type]" = "houseware" )
      STYLE
        COLOR 126 126 126
        OUTLINECOLOR 126 126 126
        SIZE 15
        SYMBOL "circle"
      END # STYLE
    END # CLASS
    CLASS
      NAME "housewares"
      EXPRESSION ( "[type]" = "housewares" )
      STYLE
        COLOR 127 127 127
        OUTLINECOLOR 127 127 127
        SIZE 15
        SYMBOL "circle"
      END # STYLE
    END # CLASS
    CLASS
      NAME "hunting"
      EXPRESSION ( "[type]" = "hunting" )
      STYLE
        COLOR 127 127 127
        OUTLINECOLOR 127 127 127
        SIZE 15
        SYMBOL "circle"
      END # STYLE
    END # CLASS
    CLASS
      NAME "hvac"
      EXPRESSION ( "[type]" = "hvac" )
      STYLE
        COLOR 128 128 128
        OUTLINECOLOR 128 128 128
        SIZE 15
        SYMBOL "circle"
      END # STYLE
    END # CLASS
    CLASS
      NAME "hydrant"
      EXPRESSION ( "[type]" = "hydrant" )
      STYLE
        COLOR 129 129 129
        OUTLINECOLOR 129 129 129
        SIZE 15
        SYMBOL "circle"
      END # STYLE
    END # CLASS
    CLASS
      NAME "ice_cream"
      EXPRESSION ( "[type]" = "ice_cream" )
      STYLE
        COLOR 129 129 129
        OUTLINECOLOR 129 129 129
        SIZE 15
        SYMBOL "circle"
      END # STYLE
    END # CLASS
    CLASS
      NAME "information"
      EXPRESSION ( "[type]" = "information" )
      STYLE
        COLOR 130 130 130
        OUTLINECOLOR 130 130 130
        SIZE 15
        SYMBOL "circle"
      END # STYLE
    END # CLASS
    CLASS
      NAME "information;picn"
      EXPRESSION ( "[type]" = "information;picn" )
      STYLE
        COLOR 130 130 130
        OUTLINECOLOR 130 130 130
        SIZE 15
        SYMBOL "circle"
      END # STYLE
    END # CLASS
    CLASS
      NAME "insurance"
      EXPRESSION ( "[type]" = "insurance" )
      STYLE
        COLOR 131 131 131
        OUTLINECOLOR 131 131 131
        SIZE 15
        SYMBOL "circle"
      END # STYLE
    END # CLASS
    CLASS
      NAME "interior_decorat"
      EXPRESSION ( "[type]" = "interior_decorat" )
      STYLE
        COLOR 132 132 132
        OUTLINECOLOR 132 132 132
        SIZE 15
        SYMBOL "circle"
      END # STYLE
    END # CLASS
    CLASS
      NAME "investment"
      EXPRESSION ( "[type]" = "investment" )
      STYLE
        COLOR 132 132 132
        OUTLINECOLOR 132 132 132
        SIZE 15
        SYMBOL "circle"
      END # STYLE
    END # CLASS
    CLASS
      NAME "it"
      EXPRESSION ( "[type]" = "it" )
      STYLE
        COLOR 133 133 133
        OUTLINECOLOR 133 133 133
        SIZE 15
        SYMBOL "circle"
      END # STYLE
    END # CLASS
    CLASS
      NAME "jewelry"
      EXPRESSION ( "[type]" = "jewelry" )
      STYLE
        COLOR 133 133 133
        OUTLINECOLOR 133 133 133
        SIZE 15
        SYMBOL "circle"
      END # STYLE
    END # CLASS
    CLASS
      NAME "kindergarten"
      EXPRESSION ( "[type]" = "kindergarten" )
      STYLE
        COLOR 134 134 134
        OUTLINECOLOR 134 134 134
        SIZE 15
        SYMBOL "circle"
      END # STYLE
    END # CLASS
    CLASS
      NAME "kiosk"
      EXPRESSION ( "[type]" = "kiosk" )
      STYLE
        COLOR 135 135 135
        OUTLINECOLOR 135 135 135
        SIZE 15
        SYMBOL "circle"
      END # STYLE
    END # CLASS
    CLASS
      NAME "kitchen"
      EXPRESSION ( "[type]" = "kitchen" )
      STYLE
        COLOR 135 135 135
        OUTLINECOLOR 135 135 135
        SIZE 15
        SYMBOL "circle"
      END # STYLE
    END # CLASS
    CLASS
      NAME "lamp"
      EXPRESSION ( "[type]" = "lamp" )
      STYLE
        COLOR 136 136 136
        OUTLINECOLOR 136 136 136
        SIZE 15
        SYMBOL "circle"
      END # STYLE
    END # CLASS
    CLASS
      NAME "laundry"
      EXPRESSION ( "[type]" = "laundry" )
      STYLE
        COLOR 136 136 136
        OUTLINECOLOR 136 136 136
        SIZE 15
        SYMBOL "circle"
      END # STYLE
    END # CLASS
    CLASS
      NAME "lawyer"
      EXPRESSION ( "[type]" = "lawyer" )
      STYLE
        COLOR 137 137 137
        OUTLINECOLOR 137 137 137
        SIZE 15
        SYMBOL "circle"
      END # STYLE
    END # CLASS
    CLASS
      NAME "level_crossing"
      EXPRESSION ( "[type]" = "level_crossing" )
      STYLE
        COLOR 138 138 138
        OUTLINECOLOR 138 138 138
        SIZE 15
        SYMBOL "circle"
      END # STYLE
    END # CLASS
    CLASS
      NAME "library"
      EXPRESSION ( "[type]" = "library" )
      STYLE
        COLOR 138 138 138
        OUTLINECOLOR 138 138 138
        SIZE 15
        SYMBOL "circle"
      END # STYLE
    END # CLASS
    CLASS
      NAME "lighthouse"
      EXPRESSION ( "[type]" = "lighthouse" )
      STYLE
        COLOR 139 139 139
        OUTLINECOLOR 139 139 139
        SIZE 15
        SYMBOL "circle"
      END # STYLE
    END # CLASS
    CLASS
      NAME "lighting"
      EXPRESSION ( "[type]" = "lighting" )
      STYLE
        COLOR 139 139 139
        OUTLINECOLOR 139 139 139
        SIZE 15
        SYMBOL "circle"
      END # STYLE
    END # CLASS
    CLASS
      NAME "living_street"
      EXPRESSION ( "[type]" = "living_street" )
      STYLE
        COLOR 140 140 140
        OUTLINECOLOR 140 140 140
        SIZE 15
        SYMBOL "circle"
      END # STYLE
    END # CLASS
    CLASS
      NAME "locksmith"
      EXPRESSION ( "[type]" = "locksmith" )
      STYLE
        COLOR 141 141 141
        OUTLINECOLOR 141 141 141
        SIZE 15
        SYMBOL "circle"
      END # STYLE
    END # CLASS
    CLASS
      NAME "lottery"
      EXPRESSION ( "[type]" = "lottery" )
      STYLE
        COLOR 141 141 141
        OUTLINECOLOR 141 141 141
        SIZE 15
        SYMBOL "circle"
      END # STYLE
    END # CLASS
    CLASS
      NAME "lumber"
      EXPRESSION ( "[type]" = "lumber" )
      STYLE
        COLOR 142 142 142
        OUTLINECOLOR 142 142 142
        SIZE 15
        SYMBOL "circle"
      END # STYLE
    END # CLASS
    CLASS
      NAME "machinery"
      EXPRESSION ( "[type]" = "machinery" )
      STYLE
        COLOR 142 142 142
        OUTLINECOLOR 142 142 142
        SIZE 15
        SYMBOL "circle"
      END # STYLE
    END # CLASS
    CLASS
      NAME "mall"
      EXPRESSION ( "[type]" = "mall" )
      STYLE
        COLOR 143 143 143
        OUTLINECOLOR 143 143 143
        SIZE 15
        SYMBOL "circle"
      END # STYLE
    END # CLASS
    CLASS
      NAME "manufacturer"
      EXPRESSION ( "[type]" = "manufacturer" )
      STYLE
        COLOR 144 144 144
        OUTLINECOLOR 144 144 144
        SIZE 15
        SYMBOL "circle"
      END # STYLE
    END # CLASS
    CLASS
      NAME "manure"
      EXPRESSION ( "[type]" = "manure" )
      STYLE
        COLOR 144 144 144
        OUTLINECOLOR 144 144 144
        SIZE 15
        SYMBOL "circle"
      END # STYLE
    END # CLASS
    CLASS
      NAME "marker"
      EXPRESSION ( "[type]" = "marker" )
      STYLE
        COLOR 145 145 145
        OUTLINECOLOR 145 145 145
        SIZE 15
        SYMBOL "circle"
      END # STYLE
    END # CLASS
    CLASS
      NAME "marketplace"
      EXPRESSION ( "[type]" = "marketplace" )
      STYLE
        COLOR 145 145 145
        OUTLINECOLOR 145 145 145
        SIZE 15
        SYMBOL "circle"
      END # STYLE
    END # CLASS
    CLASS
      NAME "massage"
      EXPRESSION ( "[type]" = "massage" )
      STYLE
        COLOR 146 146 146
        OUTLINECOLOR 146 146 146
        SIZE 15
        SYMBOL "circle"
      END # STYLE
    END # CLASS
    CLASS
      NAME "mast"
      EXPRESSION ( "[type]" = "mast" )
      STYLE
        COLOR 147 147 147
        OUTLINECOLOR 147 147 147
        SIZE 15
        SYMBOL "circle"
      END # STYLE
    END # CLASS
    CLASS
      NAME "mattress"
      EXPRESSION ( "[type]" = "mattress" )
      STYLE
        COLOR 147 147 147
        OUTLINECOLOR 147 147 147
        SIZE 15
        SYMBOL "circle"
      END # STYLE
    END # CLASS
    CLASS
      NAME "memorial"
      EXPRESSION ( "[type]" = "memorial" )
      STYLE
        COLOR 148 148 148
        OUTLINECOLOR 148 148 148
        SIZE 15
        SYMBOL "circle"
      END # STYLE
    END # CLASS
    CLASS
      NAME "milestone"
      EXPRESSION ( "[type]" = "milestone" )
      STYLE
        COLOR 148 148 148
        OUTLINECOLOR 148 148 148
        SIZE 15
        SYMBOL "circle"
      END # STYLE
    END # CLASS
    CLASS
      NAME "mine"
      EXPRESSION ( "[type]" = "mine" )
      STYLE
        COLOR 149 149 149
        OUTLINECOLOR 149 149 149
        SIZE 15
        SYMBOL "circle"
      END # STYLE
    END # CLASS
    CLASS
      NAME "mineshaft"
      EXPRESSION ( "[type]" = "mineshaft" )
      STYLE
        COLOR 150 150 150
        OUTLINECOLOR 150 150 150
        SIZE 15
        SYMBOL "circle"
      END # STYLE
    END # CLASS
    CLASS
      NAME "mini_roundabout"
      EXPRESSION ( "[type]" = "mini_roundabout" )
      STYLE
        COLOR 150 150 150
        OUTLINECOLOR 150 150 150
        SIZE 15
        SYMBOL "circle"
      END # STYLE
    END # CLASS
    CLASS
      NAME "mining"
      EXPRESSION ( "[type]" = "mining" )
      STYLE
        COLOR 151 151 151
        OUTLINECOLOR 151 151 151
        SIZE 15
        SYMBOL "circle"
      END # STYLE
    END # CLASS
    CLASS
      NAME "mobile_phone"
      EXPRESSION ( "[type]" = "mobile_phone" )
      STYLE
        COLOR 151 151 151
        OUTLINECOLOR 151 151 151
        SIZE 15
        SYMBOL "circle"
      END # STYLE
    END # CLASS
    CLASS
      NAME "money"
      EXPRESSION ( "[type]" = "money" )
      STYLE
        COLOR 152 152 152
        OUTLINECOLOR 152 152 152
        SIZE 15
        SYMBOL "circle"
      END # STYLE
    END # CLASS
    CLASS
      NAME "monument"
      EXPRESSION ( "[type]" = "monument" )
      STYLE
        COLOR 153 153 153
        OUTLINECOLOR 153 153 153
        SIZE 15
        SYMBOL "circle"
      END # STYLE
    END # CLASS
    CLASS
      NAME "motel"
      EXPRESSION ( "[type]" = "motel" )
      STYLE
        COLOR 153 153 153
        OUTLINECOLOR 153 153 153
        SIZE 15
        SYMBOL "circle"
      END # STYLE
    END # CLASS
    CLASS
      NAME "motorcycle"
      EXPRESSION ( "[type]" = "motorcycle" )
      STYLE
        COLOR 154 154 154
        OUTLINECOLOR 154 154 154
        SIZE 15
        SYMBOL "circle"
      END # STYLE
    END # CLASS
    CLASS
      NAME "motorway_junctio"
      EXPRESSION ( "[type]" = "motorway_junctio" )
      STYLE
        COLOR 154 154 154
        OUTLINECOLOR 154 154 154
        SIZE 15
        SYMBOL "circle"
      END # STYLE
    END # CLASS
    CLASS
      NAME "moving"
      EXPRESSION ( "[type]" = "moving" )
      STYLE
        COLOR 155 155 155
        OUTLINECOLOR 155 155 155
        SIZE 15
        SYMBOL "circle"
      END # STYLE
    END # CLASS
    CLASS
      NAME "museum"
      EXPRESSION ( "[type]" = "museum" )
      STYLE
        COLOR 156 156 156
        OUTLINECOLOR 156 156 156
        SIZE 15
        SYMBOL "circle"
      END # STYLE
    END # CLASS
    CLASS
      NAME "music"
      EXPRESSION ( "[type]" = "music" )
      STYLE
        COLOR 156 156 156
        OUTLINECOLOR 156 156 156
        SIZE 15
        SYMBOL "circle"
      END # STYLE
    END # CLASS
    CLASS
      NAME "musical_instrume"
      EXPRESSION ( "[type]" = "musical_instrume" )
      STYLE
        COLOR 157 157 157
        OUTLINECOLOR 157 157 157
        SIZE 15
        SYMBOL "circle"
      END # STYLE
    END # CLASS
    CLASS
      NAME "newspaper"
      EXPRESSION ( "[type]" = "newspaper" )
      STYLE
        COLOR 157 157 157
        OUTLINECOLOR 157 157 157
        SIZE 15
        SYMBOL "circle"
      END # STYLE
    END # CLASS
    CLASS
      NAME "ngo"
      EXPRESSION ( "[type]" = "ngo" )
      STYLE
        COLOR 158 158 158
        OUTLINECOLOR 158 158 158
        SIZE 15
        SYMBOL "circle"
      END # STYLE
    END # CLASS
    CLASS
      NAME "nightclub"
      EXPRESSION ( "[type]" = "nightclub" )
      STYLE
        COLOR 159 159 159
        OUTLINECOLOR 159 159 159
        SIZE 15
        SYMBOL "circle"
      END # STYLE
    END # CLASS
    CLASS
      NAME "not_used"
      EXPRESSION ( "[type]" = "not_used" )
      STYLE
        COLOR 159 159 159
        OUTLINECOLOR 159 159 159
        SIZE 15
        SYMBOL "circle"
      END # STYLE
    END # CLASS
    CLASS
      NAME "nutrition"
      EXPRESSION ( "[type]" = "nutrition" )
      STYLE
        COLOR 160 160 160
        OUTLINECOLOR 160 160 160
        SIZE 15
        SYMBOL "circle"
      END # STYLE
    END # CLASS
    CLASS
      NAME "office"
      EXPRESSION ( "[type]" = "office" )
      STYLE
        COLOR 160 160 160
        OUTLINECOLOR 160 160 160
        SIZE 15
        SYMBOL "circle"
      END # STYLE
    END # CLASS
    CLASS
      NAME "office supply"
      EXPRESSION ( "[type]" = "office supply" )
      STYLE
        COLOR 161 161 161
        OUTLINECOLOR 161 161 161
        SIZE 15
        SYMBOL "circle"
      END # STYLE
    END # CLASS
    CLASS
      NAME "oil_tank"
      EXPRESSION ( "[type]" = "oil_tank" )
      STYLE
        COLOR 51 51 0
        OUTLINECOLOR 255 255 255
        SIZE 16
        SYMBOL "cartographic|124"
      END # STYLE
    END # CLASS
    CLASS
      NAME "optician"
      EXPRESSION ( "[type]" = "optician" )
      STYLE
        COLOR 162 162 162
        OUTLINECOLOR 162 162 162
        SIZE 15
        SYMBOL "circle"
      END # STYLE
    END # CLASS
    CLASS
      NAME "optics"
      EXPRESSION ( "[type]" = "optics" )
      STYLE
        COLOR 163 163 163
        OUTLINECOLOR 163 163 163
        SIZE 15
        SYMBOL "circle"
      END # STYLE
    END # CLASS
    CLASS
      NAME "organic"
      EXPRESSION ( "[type]" = "organic" )
      STYLE
        COLOR 163 163 163
        OUTLINECOLOR 163 163 163
        SIZE 15
        SYMBOL "circle"
      END # STYLE
    END # CLASS
    CLASS
      NAME "outdoor"
      EXPRESSION ( "[type]" = "outdoor" )
      STYLE
        COLOR 164 164 164
        OUTLINECOLOR 164 164 164
        SIZE 15
        SYMBOL "circle"
      END # STYLE
    END # CLASS
    CLASS
      NAME "paint"
      EXPRESSION ( "[type]" = "paint" )
      STYLE
        COLOR 165 165 165
        OUTLINECOLOR 165 165 165
        SIZE 15
        SYMBOL "circle"
      END # STYLE
    END # CLASS
    CLASS
      NAME "paper"
      EXPRESSION ( "[type]" = "paper" )
      STYLE
        COLOR 165 165 165
        OUTLINECOLOR 165 165 165
        SIZE 15
        SYMBOL "circle"
      END # STYLE
    END # CLASS
    CLASS
      NAME "parking"
      EXPRESSION ( "[type]" = "parking" )
      STYLE
        COLOR 0 0 128
        OUTLINECOLOR 255 255 255
        SIZE 15
        SYMBOL "park|117"
        WIDTH 1.8
      END # STYLE
    END # CLASS
    CLASS
      NAME "parking_entrance"
      EXPRESSION ( "[type]" = "parking_entrance" )
      STYLE
        COLOR 166 166 166
        OUTLINECOLOR 166 166 166
        SIZE 0
        SYMBOL "circle"
      END # STYLE
    END # CLASS
    CLASS
      NAME "passing_place"
      EXPRESSION ( "[type]" = "passing_place" )
      STYLE
        COLOR 167 167 167
        OUTLINECOLOR 167 167 167
        SIZE 15
        SYMBOL "circle"
      END # STYLE
    END # CLASS
    CLASS
      NAME "path"
      EXPRESSION ( "[type]" = "path" )
      STYLE
        COLOR 168 168 168
        OUTLINECOLOR 168 168 168
        SIZE 15
        SYMBOL "circle"
      END # STYLE
    END # CLASS
    CLASS
      NAME "pawnbroker"
      EXPRESSION ( "[type]" = "pawnbroker" )
      STYLE
        COLOR 168 168 168
        OUTLINECOLOR 168 168 168
        SIZE 15
        SYMBOL "circle"
      END # STYLE
    END # CLASS
    CLASS
      NAME "pet"
      EXPRESSION ( "[type]" = "pet" )
      STYLE
        COLOR 169 169 169
        OUTLINECOLOR 169 169 169
        SIZE 15
        SYMBOL "circle"
      END # STYLE
    END # CLASS
    CLASS
      NAME "pet grooming"
      EXPRESSION ( "[type]" = "pet grooming" )
      STYLE
        COLOR 169 169 169
        OUTLINECOLOR 169 169 169
        SIZE 15
        SYMBOL "circle"
      END # STYLE
    END # CLASS
    CLASS
      NAME "pet_store"
      EXPRESSION ( "[type]" = "pet_store" )
      STYLE
        COLOR 170 170 170
        OUTLINECOLOR 170 170 170
        SIZE 15
        SYMBOL "circle"
      END # STYLE
    END # CLASS
    CLASS
      NAME "pet_wash"
      EXPRESSION ( "[type]" = "pet_wash" )
      STYLE
        COLOR 171 171 171
        OUTLINECOLOR 171 171 171
        SIZE 15
        SYMBOL "circle"
      END # STYLE
    END # CLASS
    CLASS
      NAME "pharmacy"
      EXPRESSION ( "[type]" = "pharmacy" )
      STYLE
        COLOR 0 128 0
        OUTLINECOLOR 255 255 255
        SIZE 16
        SYMBOL "cartographic|102"
      END # STYLE
    END # CLASS
    CLASS
      NAME "phone"
      EXPRESSION ( "[type]" = "phone" )
      STYLE
        COLOR 0 0 0
        OUTLINECOLOR 255 255 255
        SIZE 18
        SYMBOL "cartographic|116"
      END # STYLE
    END # CLASS
    CLASS
      NAME "photo"
      EXPRESSION ( "[type]" = "photo" )
      STYLE
        COLOR 172 172 172
        OUTLINECOLOR 172 172 172
        SIZE 15
        SYMBOL "circle"
      END # STYLE
    END # CLASS
    CLASS
      NAME "photographer"
      EXPRESSION ( "[type]" = "photographer" )
      STYLE
        COLOR 173 173 173
        OUTLINECOLOR 173 173 173
        SIZE 15
        SYMBOL "circle"
      END # STYLE
    END # CLASS
    CLASS
      NAME "physician"
      EXPRESSION ( "[type]" = "physician" )
      STYLE
        COLOR 174 174 174
        OUTLINECOLOR 174 174 174
        SIZE 15
        SYMBOL "circle"
      END # STYLE
    END # CLASS
    CLASS
      NAME "piano"
      EXPRESSION ( "[type]" = "piano" )
      STYLE
        COLOR 174 174 174
        OUTLINECOLOR 174 174 174
        SIZE 15
        SYMBOL "circle"
      END # STYLE
    END # CLASS
    CLASS
      NAME "picnic_site"
      EXPRESSION ( "[type]" = "picnic_site" )
      STYLE
        COLOR 175 175 175
        OUTLINECOLOR 175 175 175
        SIZE 15
        SYMBOL "circle"
      END # STYLE
    END # CLASS
    CLASS
      NAME "pier"
      EXPRESSION ( "[type]" = "pier" )
      STYLE
        COLOR 175 175 175
        OUTLINECOLOR 175 175 175
        SIZE 15
        SYMBOL "circle"
      END # STYLE
    END # CLASS
    CLASS
      NAME "pipe"
      EXPRESSION ( "[type]" = "pipe" )
      STYLE
        COLOR 176 176 176
        OUTLINECOLOR 176 176 176
        SIZE 15
        SYMBOL "circle"
      END # STYLE
    END # CLASS
    CLASS
      NAME "place_of_worship"
      EXPRESSION ( "[type]" = "place_of_worship" )
      STYLE
        COLOR 177 177 177
        OUTLINECOLOR 177 177 177
        SIZE 15
        SYMBOL "circle"
      END # STYLE
    END # CLASS
    CLASS
      NAME "plumber"
      EXPRESSION ( "[type]" = "plumber" )
      STYLE
        COLOR 177 177 177
        OUTLINECOLOR 177 177 177
        SIZE 15
        SYMBOL "circle"
      END # STYLE
    END # CLASS
    CLASS
      NAME "police"
      EXPRESSION ( "[type]" = "police" )
      STYLE
        COLOR 0 0 255
        OUTLINECOLOR 255 255 255
        SIZE 18
        SYMBOL "cartographic|209"
      END # STYLE
    END # CLASS
    CLASS
      NAME "politic"
      EXPRESSION ( "[type]" = "politic" )
      STYLE
        COLOR 178 178 178
        OUTLINECOLOR 178 178 178
        SIZE 15
        SYMBOL "circle"
      END # STYLE
    END # CLASS
    CLASS
      NAME "post_box"
      EXPRESSION ( "[type]" = "post_box" )
      STYLE
        COLOR 0 0 0
        OUTLINECOLOR 255 255 255
        SIZE 20
        SYMBOL "cartographic|99"
      END # STYLE
    END # CLASS
    CLASS
      NAME "post_office"
      EXPRESSION ( "[type]" = "post_office" )
      STYLE
        COLOR 153 51 0
        OUTLINECOLOR 0 0 0
        SIZE 20
        SYMBOL "cartographic|99"
      END # STYLE
    END # CLASS
    CLASS
      NAME "pottery"
      EXPRESSION ( "[type]" = "pottery" )
      STYLE
        COLOR 180 180 180
        OUTLINECOLOR 180 180 180
        SIZE 15
        SYMBOL "circle"
      END # STYLE
    END # CLASS
    CLASS
      NAME "print"
      EXPRESSION ( "[type]" = "print" )
      STYLE
        COLOR 181 181 181
        OUTLINECOLOR 181 181 181
        SIZE 15
        SYMBOL "circle"
      END # STYLE
    END # CLASS
    CLASS
      NAME "printshop"
      EXPRESSION ( "[type]" = "printshop" )
      STYLE
        COLOR 181 181 181
        OUTLINECOLOR 181 181 181
        SIZE 15
        SYMBOL "circle"
      END # STYLE
    END # CLASS
    CLASS
      NAME "priority"
      EXPRESSION ( "[type]" = "priority" )
      STYLE
        COLOR 182 182 182
        OUTLINECOLOR 182 182 182
        SIZE 15
        SYMBOL "circle"
      END # STYLE
    END # CLASS
    CLASS
      NAME "priority_junctio"
      EXPRESSION ( "[type]" = "priority_junctio" )
      STYLE
        COLOR 183 183 183
        OUTLINECOLOR 183 183 183
        SIZE 15
        SYMBOL "circle"
      END # STYLE
    END # CLASS
    CLASS
      NAME "prison"
      EXPRESSION ( "[type]" = "prison" )
      STYLE
        COLOR 183 183 183
        OUTLINECOLOR 183 183 183
        SIZE 15
        SYMBOL "circle"
      END # STYLE
    END # CLASS
    CLASS
      NAME "prospector"
      EXPRESSION ( "[type]" = "prospector" )
      STYLE
        COLOR 184 184 184
        OUTLINECOLOR 184 184 184
        SIZE 15
        SYMBOL "circle"
      END # STYLE
    END # CLASS
    CLASS
      NAME "pub"
      EXPRESSION ( "[type]" = "pub" )
      STYLE
        COLOR 255 0 255
        OUTLINECOLOR 255 153 204
        SIZE 18
        SYMBOL "WEBDINGS|229"
        WIDTH 1.5
      END # STYLE
    END # CLASS
    CLASS
      NAME "public_building"
      EXPRESSION ( "[type]" = "public_building" )
      STYLE
        COLOR 185 185 185
        OUTLINECOLOR 185 185 185
        SIZE 15
        SYMBOL "circle"
      END # STYLE
    END # CLASS
    CLASS
      NAME "public_shower"
      EXPRESSION ( "[type]" = "public_shower" )
      STYLE
        COLOR 186 186 186
        OUTLINECOLOR 186 186 186
        SIZE 15
        SYMBOL "circle"
      END # STYLE
    END # CLASS
    CLASS
      NAME "quilt"
      EXPRESSION ( "[type]" = "quilt" )
      STYLE
        COLOR 186 186 186
        OUTLINECOLOR 186 186 186
        SIZE 15
        SYMBOL "circle"
      END # STYLE
    END # CLASS
    CLASS
      NAME "rail"
      EXPRESSION ( "[type]" = "rail" )
      STYLE
        COLOR 187 187 187
        OUTLINECOLOR 187 187 187
        SIZE 15
        SYMBOL "circle"
      END # STYLE
    END # CLASS
    CLASS
      NAME "ranger_station"
      EXPRESSION ( "[type]" = "ranger_station" )
      STYLE
        COLOR 187 187 187
        OUTLINECOLOR 187 187 187
        SIZE 15
        SYMBOL "circle"
      END # STYLE
    END # CLASS
    CLASS
      NAME "recycling"
      EXPRESSION ( "[type]" = "recycling" )
      STYLE
        COLOR 0 128 0
        OUTLINECOLOR 0 255 0
        SIZE 18
        SYMBOL "signs|234"
      END # STYLE
    END # CLASS
    CLASS
      NAME "rent"
      EXPRESSION ( "[type]" = "rent" )
      STYLE
        COLOR 189 189 189
        OUTLINECOLOR 189 189 189
        SIZE 15
        SYMBOL "circle"
      END # STYLE
    END # CLASS
    CLASS
      NAME "rental"
      EXPRESSION ( "[type]" = "rental" )
      STYLE
        COLOR 189 189 189
        OUTLINECOLOR 189 189 189
        SIZE 15
        SYMBOL "circle"
      END # STYLE
    END # CLASS
    CLASS
      NAME "repair"
      EXPRESSION ( "[type]" = "repair" )
      STYLE
        COLOR 190 190 190
        OUTLINECOLOR 190 190 190
        SIZE 15
        SYMBOL "circle"
      END # STYLE
    END # CLASS
    CLASS
      NAME "reservoir_covere"
      EXPRESSION ( "[type]" = "reservoir_covere" )
      STYLE
        COLOR 190 190 190
        OUTLINECOLOR 190 190 190
        SIZE 15
        SYMBOL "circle"
      END # STYLE
    END # CLASS
    CLASS
      NAME "rest_area"
      EXPRESSION ( "[type]" = "rest_area" )
      STYLE
        COLOR 191 191 191
        OUTLINECOLOR 191 191 191
        SIZE 15
        SYMBOL "circle"
      END # STYLE
    END # CLASS
    CLASS
      NAME "restaurant"
      EXPRESSION ( "[type]" = "restaurant" )
      STYLE
        COLOR 128 0 0
        OUTLINECOLOR 255 255 255
        SIZE 18
        SYMBOL "cartographic|122"
      END # STYLE
    END # CLASS
    CLASS
      NAME "retirement_home"
      EXPRESSION ( "[type]" = "retirement_home" )
      STYLE
        COLOR 192 192 192
        OUTLINECOLOR 192 192 192
        SIZE 15
        SYMBOL "circle"
      END # STYLE
    END # CLASS
    CLASS
      NAME "rock"
      EXPRESSION ( "[type]" = "rock" )
      STYLE
        COLOR 193 193 193
        OUTLINECOLOR 193 193 193
        SIZE 15
        SYMBOL "circle"
      END # STYLE
    END # CLASS
    CLASS
      NAME "roof"
      EXPRESSION ( "[type]" = "roof" )
      STYLE
        COLOR 193 193 193
        OUTLINECOLOR 193 193 193
        SIZE 15
        SYMBOL "circle"
      END # STYLE
    END # CLASS
    CLASS
      NAME "roofer"
      EXPRESSION ( "[type]" = "roofer" )
      STYLE
        COLOR 194 194 194
        OUTLINECOLOR 194 194 194
        SIZE 15
        SYMBOL "circle"
      END # STYLE
    END # CLASS
    CLASS
      NAME "ruins"
      EXPRESSION ( "[type]" = "ruins" )
      STYLE
        COLOR 195 195 195
        OUTLINECOLOR 195 195 195
        SIZE 15
        SYMBOL "circle"
      END # STYLE
    END # CLASS
    CLASS
      NAME "rv_park"
      EXPRESSION ( "[type]" = "rv_park" )
      STYLE
        COLOR 195 195 195
        OUTLINECOLOR 195 195 195
        SIZE 15
        SYMBOL "circle"
      END # STYLE
    END # CLASS
    CLASS
      NAME "salon"
      EXPRESSION ( "[type]" = "salon" )
      STYLE
        COLOR 196 196 196
        OUTLINECOLOR 196 196 196
        SIZE 15
        SYMBOL "circle"
      END # STYLE
    END # CLASS
    CLASS
      NAME "salsa"
      EXPRESSION ( "[type]" = "salsa" )
      STYLE
        COLOR 196 196 196
        OUTLINECOLOR 196 196 196
        SIZE 15
        SYMBOL "circle"
      END # STYLE
    END # CLASS
    CLASS
      NAME "saw"
      EXPRESSION ( "[type]" = "saw" )
      STYLE
        COLOR 197 197 197
        OUTLINECOLOR 197 197 197
        SIZE 15
        SYMBOL "circle"
      END # STYLE
    END # CLASS
    CLASS
      NAME "school"
      EXPRESSION ( "[type]" = "school" )
      STYLE
        COLOR 198 198 198
        OUTLINECOLOR 198 198 198
        SIZE 15
        SYMBOL "circle"
      END # STYLE
    END # CLASS
    CLASS
      NAME "second_hand"
      EXPRESSION ( "[type]" = "second_hand" )
      STYLE
        COLOR 198 198 198
        OUTLINECOLOR 198 198 198
        SIZE 15
        SYMBOL "circle"
      END # STYLE
    END # CLASS
    CLASS
      NAME "segway"
      EXPRESSION ( "[type]" = "segway" )
      STYLE
        COLOR 199 199 199
        OUTLINECOLOR 199 199 199
        SIZE 15
        SYMBOL "circle"
      END # STYLE
    END # CLASS
    CLASS
      NAME "service"
      EXPRESSION ( "[type]" = "service" )
      STYLE
        COLOR 199 199 199
        OUTLINECOLOR 199 199 199
        SIZE 15
        SYMBOL "circle"
      END # STYLE
    END # CLASS
    CLASS
      NAME "sharpening"
      EXPRESSION ( "[type]" = "sharpening" )
      STYLE
        COLOR 200 200 200
        OUTLINECOLOR 200 200 200
        SIZE 15
        SYMBOL "circle"
      END # STYLE
    END # CLASS
    CLASS
      NAME "shelter"
      EXPRESSION ( "[type]" = "shelter" )
      STYLE
        COLOR 201 201 201
        OUTLINECOLOR 201 201 201
        SIZE 15
        SYMBOL "circle"
      END # STYLE
    END # CLASS
    CLASS
      NAME "shoemaker"
      EXPRESSION ( "[type]" = "shoemaker" )
      STYLE
        COLOR 201 201 201
        OUTLINECOLOR 201 201 201
        SIZE 15
        SYMBOL "circle"
      END # STYLE
    END # CLASS
    CLASS
      NAME "shoes"
      EXPRESSION ( "[type]" = "shoes" )
      STYLE
        COLOR 202 202 202
        OUTLINECOLOR 202 202 202
        SIZE 15
        SYMBOL "circle"
      END # STYLE
    END # CLASS
    CLASS
      NAME "shower"
      EXPRESSION ( "[type]" = "shower" )
      STYLE
        COLOR 202 202 202
        OUTLINECOLOR 202 202 202
        SIZE 15
        SYMBOL "circle"
      END # STYLE
    END # CLASS
    CLASS
      NAME "showers"
      EXPRESSION ( "[type]" = "showers" )
      STYLE
        COLOR 203 203 203
        OUTLINECOLOR 203 203 203
        SIZE 15
        SYMBOL "circle"
      END # STYLE
    END # CLASS
    CLASS
      NAME "sign"
      EXPRESSION ( "[type]" = "sign" )
      STYLE
        COLOR 204 204 204
        OUTLINECOLOR 204 204 204
        SIZE 15
        SYMBOL "circle"
      END # STYLE
    END # CLASS
    CLASS
      NAME "signs"
      EXPRESSION ( "[type]" = "signs" )
      STYLE
        COLOR 204 204 204
        OUTLINECOLOR 204 204 204
        SIZE 15
        SYMBOL "circle"
      END # STYLE
    END # CLASS
    CLASS
      NAME "silo"
      EXPRESSION ( "[type]" = "silo" )
      STYLE
        COLOR 205 205 205
        OUTLINECOLOR 205 205 205
        SIZE 15
        SYMBOL "circle"
      END # STYLE
    END # CLASS
    CLASS
      NAME "skateshop"
      EXPRESSION ( "[type]" = "skateshop" )
      STYLE
        COLOR 205 205 205
        OUTLINECOLOR 205 205 205
        SIZE 15
        SYMBOL "circle"
      END # STYLE
    END # CLASS
    CLASS
      NAME "social facility"
      EXPRESSION ( "[type]" = "social facility" )
      STYLE
        COLOR 206 206 206
        OUTLINECOLOR 206 206 206
        SIZE 15
        SYMBOL "circle"
      END # STYLE
    END # CLASS
    CLASS
      NAME "social_facility"
      EXPRESSION ( "[type]" = "social_facility" )
      STYLE
        COLOR 207 207 207
        OUTLINECOLOR 207 207 207
        SIZE 15
        SYMBOL "circle"
      END # STYLE
    END # CLASS
    CLASS
      NAME "spa"
      EXPRESSION ( "[type]" = "spa" )
      STYLE
        COLOR 207 207 207
        OUTLINECOLOR 207 207 207
        SIZE 15
        SYMBOL "circle"
      END # STYLE
    END # CLASS
    CLASS
      NAME "speed_camera"
      EXPRESSION ( "[type]" = "speed_camera" )
      STYLE
        COLOR 208 208 208
        OUTLINECOLOR 208 208 208
        SIZE 15
        SYMBOL "circle"
      END # STYLE
    END # CLASS
    CLASS
      NAME "sporting_goods"
      EXPRESSION ( "[type]" = "sporting_goods" )
      STYLE
        COLOR 208 208 208
        OUTLINECOLOR 208 208 208
        SIZE 15
        SYMBOL "circle"
      END # STYLE
    END # CLASS
    CLASS
      NAME "sports"
      EXPRESSION ( "[type]" = "sports" )
      STYLE
        COLOR 209 209 209
        OUTLINECOLOR 209 209 209
        SIZE 15
        SYMBOL "circle"
      END # STYLE
    END # CLASS
    CLASS
      NAME "squat"
      EXPRESSION ( "[type]" = "squat" )
      STYLE
        COLOR 210 210 210
        OUTLINECOLOR 210 210 210
        SIZE 15
        SYMBOL "circle"
      END # STYLE
    END # CLASS
    CLASS
      NAME "station"
      EXPRESSION ( "[type]" = "station" )
      STYLE
        COLOR 210 210 210
        OUTLINECOLOR 210 210 210
        SIZE 15
        SYMBOL "circle"
      END # STYLE
    END # CLASS
    CLASS
      NAME "stationery"
      EXPRESSION ( "[type]" = "stationery" )
      STYLE
        COLOR 211 211 211
        OUTLINECOLOR 211 211 211
        SIZE 15
        SYMBOL "circle"
      END # STYLE
    END # CLASS
    CLASS
      NAME "statue"
      EXPRESSION ( "[type]" = "statue" )
      STYLE
        COLOR 211 211 211
        OUTLINECOLOR 211 211 211
        SIZE 15
        SYMBOL "circle"
      END # STYLE
    END # CLASS
    CLASS
      NAME "stop"
      EXPRESSION ( "[type]" = "stop" )
      STYLE
        COLOR 212 212 212
        OUTLINECOLOR 212 212 212
        SIZE 15
        SYMBOL "circle"
      END # STYLE
    END # CLASS
    CLASS
      NAME "stop_position"
      EXPRESSION ( "[type]" = "stop_position" )
      STYLE
        COLOR 213 213 213
        OUTLINECOLOR 213 213 213
        SIZE 15
        SYMBOL "circle"
      END # STYLE
    END # CLASS
    CLASS
      NAME "storage"
      EXPRESSION ( "[type]" = "storage" )
      STYLE
        COLOR 213 213 213
        OUTLINECOLOR 213 213 213
        SIZE 15
        SYMBOL "circle"
      END # STYLE
    END # CLASS
    CLASS
      NAME "stoves"
      EXPRESSION ( "[type]" = "stoves" )
      STYLE
        COLOR 214 214 214
        OUTLINECOLOR 214 214 214
        SIZE 15
        SYMBOL "circle"
      END # STYLE
    END # CLASS
    CLASS
      NAME "street_lamp"
      EXPRESSION ( "[type]" = "street_lamp" )
      STYLE
        COLOR 214 214 214
        OUTLINECOLOR 214 214 214
        SIZE 15
        SYMBOL "circle"
      END # STYLE
    END # CLASS
    CLASS
      NAME "stripclub"
      EXPRESSION ( "[type]" = "stripclub" )
      STYLE
        COLOR 215 215 215
        OUTLINECOLOR 215 215 215
        SIZE 15
        SYMBOL "circle"
      END # STYLE
    END # CLASS
    CLASS
      NAME "studio"
      EXPRESSION ( "[type]" = "studio" )
      STYLE
        COLOR 216 216 216
        OUTLINECOLOR 216 216 216
        SIZE 15
        SYMBOL "circle"
      END # STYLE
    END # CLASS
    CLASS
      NAME "supermarket"
      EXPRESSION ( "[type]" = "supermarket" )
      STYLE
        COLOR 216 216 216
        OUTLINECOLOR 216 216 216
        SIZE 15
        SYMBOL "circle"
      END # STYLE
    END # CLASS
    CLASS
      NAME "surveillance"
      EXPRESSION ( "[type]" = "surveillance" )
      STYLE
        COLOR 217 217 217
        OUTLINECOLOR 217 217 217
        SIZE 15
        SYMBOL "circle"
      END # STYLE
    END # CLASS
    CLASS
      NAME "survey_point"
      EXPRESSION ( "[type]" = "survey_point" )
      STYLE
        COLOR 217 217 217
        OUTLINECOLOR 217 217 217
        SIZE 15
        SYMBOL "circle"
      END # STYLE
    END # CLASS
    CLASS
      NAME "swimming_pool"
      EXPRESSION ( "[type]" = "swimming_pool" )
      STYLE
        COLOR 0 0 128
        OUTLINECOLOR 218 218 218
        SIZE 18
        SYMBOL "park|49"
      END # STYLE
    END # CLASS
    CLASS
      NAME "switch"
      EXPRESSION ( "[type]" = "switch" )
      STYLE
        COLOR 219 219 219
        OUTLINECOLOR 219 219 219
        SIZE 15
        SYMBOL "circle"
      END # STYLE
    END # CLASS
    CLASS
      NAME "tackle"
      EXPRESSION ( "[type]" = "tackle" )
      STYLE
        COLOR 219 219 219
        OUTLINECOLOR 219 219 219
        SIZE 15
        SYMBOL "circle"
      END # STYLE
    END # CLASS
    CLASS
      NAME "tailor"
      EXPRESSION ( "[type]" = "tailor" )
      STYLE
        COLOR 220 220 220
        OUTLINECOLOR 220 220 220
        SIZE 15
        SYMBOL "circle"
      END # STYLE
    END # CLASS
    CLASS
      NAME "tan"
      EXPRESSION ( "[type]" = "tan" )
      STYLE
        COLOR 220 220 220
        OUTLINECOLOR 220 220 220
        SIZE 15
        SYMBOL "circle"
      END # STYLE
    END # CLASS
    CLASS
      NAME "tank"
      EXPRESSION ( "[type]" = "tank" )
      STYLE
        COLOR 221 221 221
        OUTLINECOLOR 221 221 221
        SIZE 15
        SYMBOL "circle"
      END # STYLE
    END # CLASS
    CLASS
      NAME "tattoo"
      EXPRESSION ( "[type]" = "tattoo" )
      STYLE
        COLOR 222 222 222
        OUTLINECOLOR 222 222 222
        SIZE 15
        SYMBOL "circle"
      END # STYLE
    END # CLASS
    CLASS
      NAME "tattoo parlor"
      EXPRESSION ( "[type]" = "tattoo parlor" )
      STYLE
        COLOR 222 222 222
        OUTLINECOLOR 222 222 222
        SIZE 15
        SYMBOL "circle"
      END # STYLE
    END # CLASS
    CLASS
      NAME "tattoo_parlour"
      EXPRESSION ( "[type]" = "tattoo_parlour" )
      STYLE
        COLOR 223 223 223
        OUTLINECOLOR 223 223 223
        SIZE 15
        SYMBOL "circle"
      END # STYLE
    END # CLASS
    CLASS
      NAME "tax"
      EXPRESSION ( "[type]" = "tax" )
      STYLE
        COLOR 223 223 223
        OUTLINECOLOR 223 223 223
        SIZE 15
        SYMBOL "circle"
      END # STYLE
    END # CLASS
    CLASS
      NAME "telephone"
      EXPRESSION ( "[type]" = "telephone" )
      STYLE
        COLOR 153 51 0
        OUTLINECOLOR 255 255 255
        SIZE 18
        SYMBOL "cartographic|116"
      END # STYLE
    END # CLASS
    CLASS
      NAME "theatre"
      EXPRESSION ( "[type]" = "theatre" )
      STYLE
        COLOR 128 128 0
        OUTLINECOLOR 225 225 225
        SIZE 18
        SYMBOL "WEBDINGS|61614"
      END # STYLE
    END # CLASS
    CLASS
      NAME "theme_park"
      EXPRESSION ( "[type]" = "theme_park" )
      STYLE
        COLOR 225 225 225
        OUTLINECOLOR 225 225 225
        SIZE 15
        SYMBOL "circle"
      END # STYLE
    END # CLASS
    CLASS
      NAME "tile"
      EXPRESSION ( "[type]" = "tile" )
      STYLE
        COLOR 226 226 226
        OUTLINECOLOR 226 226 226
        SIZE 15
        SYMBOL "circle"
      END # STYLE
    END # CLASS
    CLASS
      NAME "tire"
      EXPRESSION ( "[type]" = "tire" )
      STYLE
        COLOR 226 226 226
        OUTLINECOLOR 226 226 226
        SIZE 15
        SYMBOL "circle"
      END # STYLE
    END # CLASS
    CLASS
      NAME "tobacco"
      EXPRESSION ( "[type]" = "tobacco" )
      STYLE
        COLOR 227 227 227
        OUTLINECOLOR 227 227 227
        SIZE 15
        SYMBOL "circle"
      END # STYLE
    END # CLASS
    CLASS
      NAME "toilets"
      EXPRESSION ( "[type]" = "toilets" )
      STYLE
        COLOR 228 228 228
        OUTLINECOLOR 228 228 228
        SIZE 15
        SYMBOL "circle"
      END # STYLE
    END # CLASS
    CLASS
      NAME "tool library"
      EXPRESSION ( "[type]" = "tool library" )
      STYLE
        COLOR 228 228 228
        OUTLINECOLOR 228 228 228
        SIZE 15
        SYMBOL "circle"
      END # STYLE
    END # CLASS
    CLASS
      NAME "tower"
      EXPRESSION ( "[type]" = "tower" )
      STYLE
        COLOR 229 229 229
        OUTLINECOLOR 229 229 229
        SIZE 15
        SYMBOL "circle"
      END # STYLE
    END # CLASS
    CLASS
      NAME "townhall"
      EXPRESSION ( "[type]" = "townhall" )
      STYLE
        COLOR 229 229 229
        OUTLINECOLOR 229 229 229
        SIZE 15
        SYMBOL "circle"
      END # STYLE
    END # CLASS
    CLASS
      NAME "toys"
      EXPRESSION ( "[type]" = "toys" )
      STYLE
        COLOR 230 230 230
        OUTLINECOLOR 230 230 230
        SIZE 15
        SYMBOL "circle"
      END # STYLE
    END # CLASS
    CLASS
      NAME "traffic_calming"
      EXPRESSION ( "[type]" = "traffic_calming" )
      STYLE
        COLOR 231 231 231
        OUTLINECOLOR 231 231 231
        SIZE 15
        SYMBOL "circle"
      END # STYLE
    END # CLASS
    CLASS
      NAME "traffic_signals"
      EXPRESSION ( "[type]" = "traffic_signals" )
      STYLE
        COLOR 231 231 231
        OUTLINECOLOR 231 231 231
        SIZE 15
        SYMBOL "circle"
      END # STYLE
    END # CLASS
    CLASS
      NAME "trailhead"
      EXPRESSION ( "[type]" = "trailhead" )
      STYLE
        COLOR 232 232 232
        OUTLINECOLOR 232 232 232
        SIZE 15
        SYMBOL "circle"
      END # STYLE
    END # CLASS
    CLASS
      NAME "training"
      EXPRESSION ( "[type]" = "training" )
      STYLE
        COLOR 232 232 232
        OUTLINECOLOR 232 232 232
        SIZE 15
        SYMBOL "circle"
      END # STYLE
    END # CLASS
    CLASS
      NAME "tram_stop"
      EXPRESSION ( "[type]" = "tram_stop" )
      STYLE
        COLOR 233 233 233
        OUTLINECOLOR 233 233 233
        SIZE 15
        SYMBOL "circle"
      END # STYLE
    END # CLASS
    CLASS
      NAME "travel_agency"
      EXPRESSION ( "[type]" = "travel_agency" )
      STYLE
        COLOR 234 234 234
        OUTLINECOLOR 234 234 234
        SIZE 15
        SYMBOL "circle"
      END # STYLE
    END # CLASS
    CLASS
      NAME "tree"
      EXPRESSION ( "[type]" = "tree" )
      STYLE
        COLOR 0 128 0
        OUTLINECOLOR 0 255 0
        SIZE 18
        SYMBOL "cartographic|94"
      END # STYLE
    END # CLASS
    CLASS
      NAME "turning_circle"
      EXPRESSION ( "[type]" = "turning_circle" )
      STYLE
        COLOR 235 235 235
        OUTLINECOLOR 235 235 235
        SIZE 15
        SYMBOL "circle"
      END # STYLE
    END # CLASS
    CLASS
      NAME "turning_loop"
      EXPRESSION ( "[type]" = "turning_loop" )
      STYLE
        COLOR 235 235 235
        OUTLINECOLOR 235 235 235
        SIZE 15
        SYMBOL "circle"
      END # STYLE
    END # CLASS
    CLASS
      NAME "turntable"
      EXPRESSION ( "[type]" = "turntable" )
      STYLE
        COLOR 236 236 236
        OUTLINECOLOR 236 236 236
        SIZE 15
        SYMBOL "circle"
      END # STYLE
    END # CLASS
    CLASS
      NAME "tutu"
      EXPRESSION ( "[type]" = "tutu" )
      STYLE
        COLOR 237 237 237
        OUTLINECOLOR 237 237 237
        SIZE 15
        SYMBOL "circle"
      END # STYLE
    END # CLASS
    CLASS
      NAME "tuxedo"
      EXPRESSION ( "[type]" = "tuxedo" )
      STYLE
        COLOR 237 237 237
        OUTLINECOLOR 237 237 237
        SIZE 15
        SYMBOL "circle"
      END # STYLE
    END # CLASS
    CLASS
      NAME "tyres"
      EXPRESSION ( "[type]" = "tyres" )
      STYLE
        COLOR 238 238 238
        OUTLINECOLOR 238 238 238
        SIZE 15
        SYMBOL "circle"
      END # STYLE
    END # CLASS
    CLASS
      NAME "university"
      EXPRESSION ( "[type]" = "university" )
      STYLE
        COLOR 238 238 238
        OUTLINECOLOR 238 238 238
        SIZE 15
        SYMBOL "circle"
      END # STYLE
    END # CLASS
    CLASS
      NAME "university;hospi"
      EXPRESSION ( "[type]" = "university;hospi" )
      STYLE
        COLOR 239 239 239
        OUTLINECOLOR 239 239 239
        SIZE 15
        SYMBOL "circle"
      END # STYLE
    END # CLASS
    CLASS
      NAME "upholsterer"
      EXPRESSION ( "[type]" = "upholsterer" )
      STYLE
        COLOR 240 240 240
        OUTLINECOLOR 240 240 240
        SIZE 15
        SYMBOL "circle"
      END # STYLE
    END # CLASS
    CLASS
      NAME "utility"
      EXPRESSION ( "[type]" = "utility" )
      STYLE
        COLOR 240 240 240
        OUTLINECOLOR 240 240 240
        SIZE 15
        SYMBOL "circle"
      END # STYLE
    END # CLASS
    CLASS
      NAME "vaccuum"
      EXPRESSION ( "[type]" = "vaccuum" )
      STYLE
        COLOR 241 241 241
        OUTLINECOLOR 241 241 241
        SIZE 15
        SYMBOL "circle"
      END # STYLE
    END # CLASS
    CLASS
      NAME "variety_store"
      EXPRESSION ( "[type]" = "variety_store" )
      STYLE
        COLOR 241 241 241
        OUTLINECOLOR 241 241 241
        SIZE 15
        SYMBOL "circle"
      END # STYLE
    END # CLASS
    CLASS
      NAME "vending_machine"
      EXPRESSION ( "[type]" = "vending_machine" )
      STYLE
        COLOR 242 242 242
        OUTLINECOLOR 242 242 242
        SIZE 15
        SYMBOL "circle"
      END # STYLE
    END # CLASS
    CLASS
      NAME "veterinary"
      EXPRESSION ( "[type]" = "veterinary" )
      STYLE
        COLOR 243 243 243
        OUTLINECOLOR 243 243 243
        SIZE 15
        SYMBOL "circle"
      END # STYLE
    END # CLASS
    CLASS
      NAME "video"
      EXPRESSION ( "[type]" = "video" )
      STYLE
        COLOR 243 243 243
        OUTLINECOLOR 243 243 243
        SIZE 15
        SYMBOL "circle"
      END # STYLE
    END # CLASS
    CLASS
      NAME "video_games"
      EXPRESSION ( "[type]" = "video_games" )
      STYLE
        COLOR 244 244 244
        OUTLINECOLOR 244 244 244
        SIZE 15
        SYMBOL "circle"
      END # STYLE
    END # CLASS
    CLASS
      NAME "viewpoint"
      EXPRESSION ( "[type]" = "viewpoint" )
      STYLE
        COLOR 244 244 244
        OUTLINECOLOR 244 244 244
        SIZE 15
        SYMBOL "circle"
      END # STYLE
    END # CLASS
    CLASS
      NAME "waste_basket"
      EXPRESSION ( "[type]" = "waste_basket" )
      STYLE
        COLOR 245 245 245
        OUTLINECOLOR 245 245 245
        SIZE 15
        SYMBOL "circle"
      END # STYLE
    END # CLASS
    CLASS
      NAME "wastewater_plant"
      EXPRESSION ( "[type]" = "wastewater_plant" )
      STYLE
        COLOR 246 246 246
        OUTLINECOLOR 246 246 246
        SIZE 15
        SYMBOL "circle"
      END # STYLE
    END # CLASS
    CLASS
      NAME "water"
      EXPRESSION ( "[type]" = "water" )
      STYLE
        COLOR 246 246 246
        OUTLINECOLOR 246 246 246
        SIZE 15
        SYMBOL "circle"
      END # STYLE
    END # CLASS
    CLASS
      NAME "water_tank"
      EXPRESSION ( "[type]" = "water_tank" )
      STYLE
        COLOR 247 247 247
        OUTLINECOLOR 247 247 247
        SIZE 15
        SYMBOL "circle"
      END # STYLE
    END # CLASS
    CLASS
      NAME "water_tower"
      EXPRESSION ( "[type]" = "water_tower" )
      STYLE
        COLOR 247 247 247
        OUTLINECOLOR 247 247 247
        SIZE 15
        SYMBOL "circle"
      END # STYLE
    END # CLASS
    CLASS
      NAME "water_well"
      EXPRESSION ( "[type]" = "water_well" )
      STYLE
        COLOR 248 248 248
        OUTLINECOLOR 248 248 248
        SIZE 15
        SYMBOL "circle"
      END # STYLE
    END # CLASS
    CLASS
      NAME "water_works"
      EXPRESSION ( "[type]" = "water_works" )
      STYLE
        COLOR 249 249 249
        OUTLINECOLOR 249 249 249
        SIZE 15
        SYMBOL "circle"
      END # STYLE
    END # CLASS
    CLASS
      NAME "weigh station"
      EXPRESSION ( "[type]" = "weigh station" )
      STYLE
        COLOR 249 249 249
        OUTLINECOLOR 249 249 249
        SIZE 15
        SYMBOL "circle"
      END # STYLE
    END # CLASS
    CLASS
      NAME "weight station"
      EXPRESSION ( "[type]" = "weight station" )
      STYLE
        COLOR 250 250 250
        OUTLINECOLOR 250 250 250
        SIZE 15
        SYMBOL "circle"
      END # STYLE
    END # CLASS
    CLASS
      NAME "windmill"
      EXPRESSION ( "[type]" = "windmill" )
      STYLE
        COLOR 250 250 250
        OUTLINECOLOR 250 250 250
        SIZE 15
        SYMBOL "circle"
      END # STYLE
    END # CLASS
    CLASS
      NAME "wine"
      EXPRESSION ( "[type]" = "wine" )
      STYLE
        COLOR 255 0 0
        OUTLINECOLOR 0 0 0
        SIZE 15
        SYMBOL "signs|8721"
      END # STYLE
    END # CLASS
    CLASS
      NAME "winery"
      EXPRESSION ( "[type]" = "winery" )
      STYLE
        COLOR 255 0 0
        OUTLINECOLOR 128 0 0
        SIZE 18
        SYMBOL "signs|8721"
      END # STYLE
    END # CLASS
    CLASS
      NAME "works"
      EXPRESSION ( "[type]" = "works" )
      STYLE
        COLOR 252 252 252
        OUTLINECOLOR 252 252 252
        SIZE 15
        SYMBOL "circle"
      END # STYLE
    END # CLASS
    CLASS
      NAME "wreck"
      EXPRESSION ( "[type]" = "wreck" )
      STYLE
        COLOR 253 253 253
        OUTLINECOLOR 253 253 253
        SIZE 15
        SYMBOL "circle"
      END # STYLE
    END # CLASS
    CLASS
      NAME "yes"
      EXPRESSION ( "[type]" = "yes" )
      STYLE
        COLOR 253 253 253
        OUTLINECOLOR 253 253 253
        SIZE 15
        SYMBOL "circle"
      END # STYLE
    END # CLASS
    CLASS
      NAME "yield"
      EXPRESSION ( "[type]" = "yield" )
      STYLE
        COLOR 254 254 254
        OUTLINECOLOR 254 254 254
        SIZE 15
        SYMBOL "circle"
      END # STYLE
    END # CLASS
  END # LAYER

  LAYER
    CONNECTION "/var/data"
    CONNECTIONTYPE OGR
    DATA "new_roads_001"
    #ENCODING "utf-8"
    METADATA
      "mmSearch"	"false"
      "mmPattern_30"	"2.0 3.0"
      "ows_keywordlist"	""
      "mmOutColor"	"80 80 80 "
      "mm_group"	"Group"
      "mmName"	"unclassified"
      "mmFilter"	"false"
      "mmColor"	"192 192 192 "
      "ows_abstract"	""
      "mmPattern_21"	"2.0 3.0"
      "gml_featureid"	"MMID"
      "ows_featureid"	"MMID"
      "mmPattern_25"	"2.0 3.0"
      "mmPattern_27"	"1.0 3.0"
      "mmSpatialQueryType"	"none"
      "mmDSTN"	"Oregon"
      "ows_name"	"roads"
      "mmPattern_11"	"2.0 3.0"
      "ows_srs"	"EPSG:3857 EPSG:4326 EPSG:900913"
      "ows_title"	""
      "mmField"	"type"
      "mmPattern_16"	"2.0 3.0"
      "mmClass"	"uv"
      "ows_fees"	""
      "mmSpatialQuery"	"false"
      "mmAlias"	""
      "gml_include_items"	"all"
      "mmPattern_1"	"2.0 2.0"
      "mmPattern_2"	"1.0 1.0"
      "gml_types"	"auto"
      "mmExport"	"false"
      "mmZFilter"	"false"
      "mmQuery"	"false"
    END # METADATA
    NAME "roads"
    PROJECTION
      "proj=longlat"
      "datum=WGS84"
      "no_defs"
    END # PROJECTION
    STATUS ON
    TILEITEM "location"
    TYPE LINE
    UNITS METERS
    CLASS
      NAME "FIXME"
      STYLE
        COLOR 0 192 192
        #OPACITY 55
        OUTLINECOLOR 192 192 192
        WIDTH 2
      END # STYLE
    END # CLASS
  END # LAYER

  LAYER
    CONNECTION "PG:dbname=city_routing user=user"
    CONNECTIONTYPE OGR
    DATA "ways"
    TEMPLATE "dummy"
    EXTENT -71.119028 42.302046 -70.986529 42.400430
    #EXTENT -71.119028 42.302046 -70.986529 42.400430
    #EXTENT 126.064602 37.204118 127.5323490 38.166522
    METADATA
      "mm_group"	"Group"
      "ows_featureid"	"id"
      "gml_featureid"	"id"
      "ows_name"	"new_roads_001"
      "mmDSTN"	"Oregon"
      "ows_srs"	"EPSG:3857 EPSG:4326 EPSG:900913"
      "ows_title"	"new_roads_001"
      "gml_include_items"	"all"
      "gml_types"	"auto"
    END # METADATA
    NAME "ways"
    PROJECTION
      "proj=longlat"
      "datum=WGS84"
      "no_defs"
    END # PROJECTION
    STATUS ON
    TILEITEM "location"
    TYPE LINE
    UNITS METERS
    CLASS
      STYLE
        COLOR 125 125 255
        OUTLINECOLOR 80 80 80
        OUTLINEWIDTH 1.5
        WIDTH 3
      END # STYLE
    END # CLASS
  END # LAYER

END # MAP
